Godot Engine v4.7.1.stable.double.custom_build.a13da4feb (2026-07-13 21:00:28 UTC) - https://godotengine.org

[   0% ] first_scan_filesystem | Started Инициализация проекта (5 steps)
[   0% ] first_scan_filesystem | Сканирование структуры файлов…
[  16% ] first_scan_filesystem | Загрузка глобальных имен классов…
[  33% ] first_scan_filesystem | Проверка GDExtensions…
[  50% ] first_scan_filesystem | Создание скриптов автозагрузки…
[  66% ] first_scan_filesystem | Инициализация плагинов…
[breakpoint_mcp] plugin enabled
[breakpoint_mcp] listening on 127.0.0.1:9080
[  83% ] first_scan_filesystem | Начало сканирование файлов…
[ DONE ] first_scan_filesystem

[   0% ] update_scripts_classes | Started Регистрация глобальных классов… (1745 steps)
[   0% ] update_scripts_classes | 
[   0% ] update_scripts_classes | 
[   0% ] update_scripts_classes | 
[   0% ] update_scripts_classes | 
[   0% ] update_scripts_classes | 
[   0% ] update_scripts_classes | 
[   0% ] update_scripts_classes | 
[   0% ] update_scripts_classes | 
[   0% ] update_scripts_classes | 
[   0% ] update_scripts_classes | 
[   0% ] update_scripts_classes | 
[   0% ] update_scripts_classes | 
[   0% ] update_scripts_classes | 
[   0% ] update_scripts_classes | 
[   0% ] update_scripts_classes | 
[   0% ] update_scripts_classes | 
[   0% ] update_scripts_classes | 
[   0% ] update_scripts_classes | 
[   1% ] update_scripts_classes | 
[   1% ] update_scripts_classes | 
[   1% ] update_scripts_classes | 
[   1% ] update_scripts_classes | 
[   1% ] update_scripts_classes | 
[   1% ] update_scripts_classes | 
[   1% ] update_scripts_classes | 
[   1% ] update_scripts_classes | 
[   1% ] update_scripts_classes | 
[   1% ] update_scripts_classes | 
[   1% ] update_scripts_classes | 
[   1% ] update_scripts_classes | 
[   1% ] update_scripts_classes | 
[   1% ] update_scripts_classes | 
[   1% ] update_scripts_classes | 
[   1% ] update_scripts_classes | 
[   1% ] update_scripts_classes | 
[   2% ] update_scripts_classes | 
[   2% ] update_scripts_classes | 
[   2% ] update_scripts_classes | 
[   2% ] update_scripts_classes | 
[   2% ] update_scripts_classes | 
[   2% ] update_scripts_classes | 
[   2% ] update_scripts_classes | 
[   2% ] update_scripts_classes | 
[   2% ] update_scripts_classes | 
[   2% ] update_scripts_classes | 
[   2% ] update_scripts_classes | 
[   2% ] update_scripts_classes | 
[   2% ] update_scripts_classes | 
[   2% ] update_scripts_classes | 
[   2% ] update_scripts_classes | 
[   2% ] update_scripts_classes | 
[   2% ] update_scripts_classes | 
[   2% ] update_scripts_classes | 
[   3% ] update_scripts_classes | 
[   3% ] update_scripts_classes | 
[   3% ] update_scripts_classes | 
[   3% ] update_scripts_classes | 
[   3% ] update_scripts_classes | 
[   3% ] update_scripts_classes | 
[   3% ] update_scripts_classes | 
[   3% ] update_scripts_classes | 
[   3% ] update_scripts_classes | 
[   3% ] update_scripts_classes | 
[   3% ] update_scripts_classes | 
[   3% ] update_scripts_classes | 
[   3% ] update_scripts_classes | 
[   3% ] update_scripts_classes | 
[   3% ] update_scripts_classes | 
[   3% ] update_scripts_classes | 
[   3% ] update_scripts_classes | 
[   4% ] update_scripts_classes | 
[   4% ] update_scripts_classes | 
[   4% ] update_scripts_classes | 
[   4% ] update_scripts_classes | 
[   4% ] update_scripts_classes | 
[   4% ] update_scripts_classes | 
[   4% ] update_scripts_classes | 
[   4% ] update_scripts_classes | 
[   4% ] update_scripts_classes | 
[   4% ] update_scripts_classes | 
[   4% ] update_scripts_classes | 
[   4% ] update_scripts_classes | 
[   4% ] update_scripts_classes | 
[   4% ] update_scripts_classes | 
[   4% ] update_scripts_classes | 
[   4% ] update_scripts_classes | 
[   4% ] update_scripts_classes | 
[   4% ] update_scripts_classes | 
[   5% ] update_scripts_classes | 
[   5% ] update_scripts_classes | 
[   5% ] update_scripts_classes | 
[   5% ] update_scripts_classes | 
[   5% ] update_scripts_classes | 
[   5% ] update_scripts_classes | 
[   5% ] update_scripts_classes | 
[   5% ] update_scripts_classes | 
[   5% ] update_scripts_classes | 
[   5% ] update_scripts_classes | 
[   5% ] update_scripts_classes | 
[   5% ] update_scripts_classes | 
[   5% ] update_scripts_classes | 
[   5% ] update_scripts_classes | 
[   5% ] update_scripts_classes | 
[   5% ] update_scripts_classes | 
[   5% ] update_scripts_classes | 
[   6% ] update_scripts_classes | 
[   6% ] update_scripts_classes | 
[   6% ] update_scripts_classes | 
[   6% ] update_scripts_classes | 
[   6% ] update_scripts_classes | 
[   6% ] update_scripts_classes | 
[   6% ] update_scripts_classes | 
[   6% ] update_scripts_classes | 
[   6% ] update_scripts_classes | 
[   6% ] update_scripts_classes | 
[   6% ] update_scripts_classes | 
[   6% ] update_scripts_classes | 
[   6% ] update_scripts_classes | 
[   6% ] update_scripts_classes | 
[   6% ] update_scripts_classes | 
[   6% ] update_scripts_classes | 
[   6% ] update_scripts_classes | 
[   6% ] update_scripts_classes | 
[   7% ] update_scripts_classes | 
[   7% ] update_scripts_classes | 
[   7% ] update_scripts_classes | 
[   7% ] update_scripts_classes | 
[   7% ] update_scripts_classes | 
[   7% ] update_scripts_classes | 
[   7% ] update_scripts_classes | 
[   7% ] update_scripts_classes | 
[   7% ] update_scripts_classes | 
[   7% ] update_scripts_classes | 
[   7% ] update_scripts_classes | 
[   7% ] update_scripts_classes | 
[   7% ] update_scripts_classes | 
[   7% ] update_scripts_classes | 
[   7% ] update_scripts_classes | 
[   7% ] update_scripts_classes | 
[   7% ] update_scripts_classes | 
[   8% ] update_scripts_classes | 
[   8% ] update_scripts_classes | 
[   8% ] update_scripts_classes | 
[   8% ] update_scripts_classes | 
[   8% ] update_scripts_classes | 
[   8% ] update_scripts_classes | 
[   8% ] update_scripts_classes | 
[   8% ] update_scripts_classes | 
[   8% ] update_scripts_classes | 
[   8% ] update_scripts_classes | 
[   8% ] update_scripts_classes | 
[   8% ] update_scripts_classes | 
[   8% ] update_scripts_classes | 
[   8% ] update_scripts_classes | 
[   8% ] update_scripts_classes | 
[   8% ] update_scripts_classes | 
[   8% ] update_scripts_classes | 
[   8% ] update_scripts_classes | 
[   9% ] update_scripts_classes | 
[   9% ] update_scripts_classes | 
[   9% ] update_scripts_classes | 
[   9% ] update_scripts_classes | 
[   9% ] update_scripts_classes | 
[   9% ] update_scripts_classes | 
[   9% ] update_scripts_classes | 
[   9% ] update_scripts_classes | 
[   9% ] update_scripts_classes | 
[   9% ] update_scripts_classes | 
[   9% ] update_scripts_classes | 
[   9% ] update_scripts_classes | 
[   9% ] update_scripts_classes | 
[   9% ] update_scripts_classes | 
[   9% ] update_scripts_classes | 
[   9% ] update_scripts_classes | 
[   9% ] update_scripts_classes | 
[  10% ] update_scripts_classes | 
[  10% ] update_scripts_classes | 
[  10% ] update_scripts_classes | 
[  10% ] update_scripts_classes | 
[  10% ] update_scripts_classes | 
[  10% ] update_scripts_classes | 
[  10% ] update_scripts_classes | 
[  10% ] update_scripts_classes | 
[  10% ] update_scripts_classes | 
[  10% ] update_scripts_classes | 
[  10% ] update_scripts_classes | 
[  10% ] update_scripts_classes | 
[  10% ] update_scripts_classes | 
[  10% ] update_scripts_classes | 
[  10% ] update_scripts_classes | 
[  10% ] update_scripts_classes | 
[  10% ] update_scripts_classes | 
[  10% ] update_scripts_classes | 
[  11% ] update_scripts_classes | 
[  11% ] update_scripts_classes | 
[  11% ] update_scripts_classes | 
[  11% ] update_scripts_classes | 
[  11% ] update_scripts_classes | 
[  11% ] update_scripts_classes | 
[  11% ] update_scripts_classes | 
[  11% ] update_scripts_classes | 
[  11% ] update_scripts_classes | 
[  11% ] update_scripts_classes | 
[  11% ] update_scripts_classes | 
[  11% ] update_scripts_classes | 
[  11% ] update_scripts_classes | 
[  11% ] update_scripts_classes | 
[  11% ] update_scripts_classes | 
[  11% ] update_scripts_classes | 
[  11% ] update_scripts_classes | 
[  12% ] update_scripts_classes | 
[  12% ] update_scripts_classes | 
[  12% ] update_scripts_classes | 
[  12% ] update_scripts_classes | 
[  12% ] update_scripts_classes | 
[  12% ] update_scripts_classes | 
[  12% ] update_scripts_classes | 
[  12% ] update_scripts_classes | 
[  12% ] update_scripts_classes | 
[  12% ] update_scripts_classes | 
[  12% ] update_scripts_classes | 
[  12% ] update_scripts_classes | 
[  12% ] update_scripts_classes | 
[  12% ] update_scripts_classes | 
[  12% ] update_scripts_classes | 
[  12% ] update_scripts_classes | 
[  12% ] update_scripts_classes | 
[  13% ] update_scripts_classes | 
[  13% ] update_scripts_classes | 
[  13% ] update_scripts_classes | 
[  13% ] update_scripts_classes | 
[  13% ] update_scripts_classes | 
[  13% ] update_scripts_classes | 
[  13% ] update_scripts_classes | 
[  13% ] update_scripts_classes | 
[  13% ] update_scripts_classes | 
[  13% ] update_scripts_classes | 
[  13% ] update_scripts_classes | 
[  13% ] update_scripts_classes | 
[  13% ] update_scripts_classes | 
[  13% ] update_scripts_classes | 
[  13% ] update_scripts_classes | 
[  13% ] update_scripts_classes | 
[  13% ] update_scripts_classes | 
[  13% ] update_scripts_classes | 
[  14% ] update_scripts_classes | 
[  14% ] update_scripts_classes | 
[  14% ] update_scripts_classes | 
[  14% ] update_scripts_classes | 
[  14% ] update_scripts_classes | 
[  14% ] update_scripts_classes | 
[  14% ] update_scripts_classes | 
[  14% ] update_scripts_classes | 
[  14% ] update_scripts_classes | 
[  14% ] update_scripts_classes | 
[  14% ] update_scripts_classes | 
[  14% ] update_scripts_classes | 
[  14% ] update_scripts_classes | 
[  14% ] update_scripts_classes | 
[  14% ] update_scripts_classes | 
[  14% ] update_scripts_classes | 
[  14% ] update_scripts_classes | 
[  15% ] update_scripts_classes | 
[  15% ] update_scripts_classes | 
[  15% ] update_scripts_classes | 
[  15% ] update_scripts_classes | 
[  15% ] update_scripts_classes | 
[  15% ] update_scripts_classes | 
[  15% ] update_scripts_classes | 
[  15% ] update_scripts_classes | 
[  15% ] update_scripts_classes | 
[  15% ] update_scripts_classes | 
[  15% ] update_scripts_classes | 
[  15% ] update_scripts_classes | 
[  15% ] update_scripts_classes | 
[  15% ] update_scripts_classes | 
[  15% ] update_scripts_classes | 
[  15% ] update_scripts_classes | 
[  15% ] update_scripts_classes | 
[  15% ] update_scripts_classes | 
[  16% ] update_scripts_classes | 
[  16% ] update_scripts_classes | 
[  16% ] update_scripts_classes | 
[  16% ] update_scripts_classes | 
[  16% ] update_scripts_classes | 
[  16% ] update_scripts_classes | 
[  16% ] update_scripts_classes | 
[  16% ] update_scripts_classes | 
[  16% ] update_scripts_classes | 
[  16% ] update_scripts_classes | 
[  16% ] update_scripts_classes | 
[  16% ] update_scripts_classes | 
[  16% ] update_scripts_classes | 
[  16% ] update_scripts_classes | 
[  16% ] update_scripts_classes | 
[  16% ] update_scripts_classes | 
[  16% ] update_scripts_classes | 
[  17% ] update_scripts_classes | 
[  17% ] update_scripts_classes | 
[  17% ] update_scripts_classes | 
[  17% ] update_scripts_classes | 
[  17% ] update_scripts_classes | 
[  17% ] update_scripts_classes | 
[  17% ] update_scripts_classes | 
[  17% ] update_scripts_classes | 
[  17% ] update_scripts_classes | 
[  17% ] update_scripts_classes | 
[  17% ] update_scripts_classes | 
[  17% ] update_scripts_classes | 
[  17% ] update_scripts_classes | 
[  17% ] update_scripts_classes | 
[  17% ] update_scripts_classes | 
[  17% ] update_scripts_classes | 
[  17% ] update_scripts_classes | 
[  17% ] update_scripts_classes | 
[  18% ] update_scripts_classes | 
[  18% ] update_scripts_classes | 
[  18% ] update_scripts_classes | 
[  18% ] update_scripts_classes | 
[  18% ] update_scripts_classes | 
[  18% ] update_scripts_classes | 
[  18% ] update_scripts_classes | 
[  18% ] update_scripts_classes | 
[  18% ] update_scripts_classes | 
[  18% ] update_scripts_classes | EcoWorkbenchBatchRunnerV1
[  18% ] update_scripts_classes | EcologyWorkbench
[  18% ] update_scripts_classes | EcoWorkbenchEnvironmentPatchV1
[  18% ] update_scripts_classes | EcoWorkbenchExperimentBranchV1
[  18% ] update_scripts_classes | EcoWorkbenchExperimentComparisonV1
[  18% ] update_scripts_classes | EcoWorkbenchExperimentControllerV1
[  18% ] update_scripts_classes | EcoWorkbenchExperimentManifestV1
[  18% ] update_scripts_classes | EcoWorkbenchExperimentMetricsV1
[  19% ] update_scripts_classes | EcoWorkbenchGenericMorphologyRealizerV1
[  19% ] update_scripts_classes | EcoWorkbenchGenomeEditorV1
[  19% ] update_scripts_classes | EcoWorkbenchMorphologyDescriptorV1
[  19% ] update_scripts_classes | EcoWorkbenchMorphotypeClassifierV1
[  19% ] update_scripts_classes | EcoWorkbenchOrganismInspectorV1
[  19% ] update_scripts_classes | EcoWorkbenchOrganizationProfileV1
[  19% ] update_scripts_classes | EcoWorkbenchPlacementPlanV1
[  19% ] update_scripts_classes | EcoWorkbenchPolygonWorldAdapterV1
[  19% ] update_scripts_classes | 
[  19% ] update_scripts_classes | 
[  19% ] update_scripts_classes | 
[  19% ] update_scripts_classes | 
[  19% ] update_scripts_classes | 
[  19% ] update_scripts_classes | 
[  19% ] update_scripts_classes | 
[  19% ] update_scripts_classes | 
[  19% ] update_scripts_classes | 
[  19% ] update_scripts_classes | 
[  20% ] update_scripts_classes | 
[  20% ] update_scripts_classes | 
[  20% ] update_scripts_classes | 
[  20% ] update_scripts_classes | 
[  20% ] update_scripts_classes | 
[  20% ] update_scripts_classes | 
[  20% ] update_scripts_classes | 
[  20% ] update_scripts_classes | 
[  20% ] update_scripts_classes | 
[  20% ] update_scripts_classes | 
[  20% ] update_scripts_classes | 
[  20% ] update_scripts_classes | 
[  20% ] update_scripts_classes | 
[  20% ] update_scripts_classes | 
[  20% ] update_scripts_classes | 
[  20% ] update_scripts_classes | 
[  20% ] update_scripts_classes | 
[  21% ] update_scripts_classes | 
[  21% ] update_scripts_classes | 
[  21% ] update_scripts_classes | 
[  21% ] update_scripts_classes | 
[  21% ] update_scripts_classes | 
[  21% ] update_scripts_classes | 
[  21% ] update_scripts_classes | 
[  21% ] update_scripts_classes | 
[  21% ] update_scripts_classes | 
[  21% ] update_scripts_classes | 
[  21% ] update_scripts_classes | 
[  21% ] update_scripts_classes | 
[  21% ] update_scripts_classes | 
[  21% ] update_scripts_classes | 
[  21% ] update_scripts_classes | 
[  21% ] update_scripts_classes | 
[  21% ] update_scripts_classes | 
[  21% ] update_scripts_classes | 
[  22% ] update_scripts_classes | 
[  22% ] update_scripts_classes | 
[  22% ] update_scripts_classes | 
[  22% ] update_scripts_classes | 
[  22% ] update_scripts_classes | 
[  22% ] update_scripts_classes | 
[  22% ] update_scripts_classes | 
[  22% ] update_scripts_classes | 
[  22% ] update_scripts_classes | 
[  22% ] update_scripts_classes | 
[  22% ] update_scripts_classes | 
[  22% ] update_scripts_classes | 
[  22% ] update_scripts_classes | 
[  22% ] update_scripts_classes | 
[  22% ] update_scripts_classes | 
[  22% ] update_scripts_classes | 
[  22% ] update_scripts_classes | 
[  23% ] update_scripts_classes | 
[  23% ] update_scripts_classes | 
[  23% ] update_scripts_classes | 
[  23% ] update_scripts_classes | 
[  23% ] update_scripts_classes | 
[  23% ] update_scripts_classes | 
[  23% ] update_scripts_classes | 
[  23% ] update_scripts_classes | 
[  23% ] update_scripts_classes | 
[  23% ] update_scripts_classes | 
[  23% ] update_scripts_classes | 
[  23% ] update_scripts_classes | 
[  23% ] update_scripts_classes | 
[  23% ] update_scripts_classes | 
[  23% ] update_scripts_classes | 
[  23% ] update_scripts_classes | 
[  23% ] update_scripts_classes | 
[  23% ] update_scripts_classes | 
[  24% ] update_scripts_classes | 
[  24% ] update_scripts_classes | 
[  24% ] update_scripts_classes | 
[  24% ] update_scripts_classes | 
[  24% ] update_scripts_classes | 
[  24% ] update_scripts_classes | 
[  24% ] update_scripts_classes | 
[  24% ] update_scripts_classes | 
[  24% ] update_scripts_classes | 
[  24% ] update_scripts_classes | 
[  24% ] update_scripts_classes | 
[  24% ] update_scripts_classes | 
[  24% ] update_scripts_classes | 
[  24% ] update_scripts_classes | 
[  24% ] update_scripts_classes | 
[  24% ] update_scripts_classes | 
[  24% ] update_scripts_classes | 
[  25% ] update_scripts_classes | 
[  25% ] update_scripts_classes | 
[  25% ] update_scripts_classes | 
[  25% ] update_scripts_classes | 
[  25% ] update_scripts_classes | 
[  25% ] update_scripts_classes | 
[  25% ] update_scripts_classes | 
[  25% ] update_scripts_classes | 
[  25% ] update_scripts_classes | 
[  25% ] update_scripts_classes | 
[  25% ] update_scripts_classes | 
[  25% ] update_scripts_classes | 
[  25% ] update_scripts_classes | 
[  25% ] update_scripts_classes | 
[  25% ] update_scripts_classes | 
[  25% ] update_scripts_classes | 
[  25% ] update_scripts_classes | 
[  26% ] update_scripts_classes | 
[  26% ] update_scripts_classes | 
[  26% ] update_scripts_classes | 
[  26% ] update_scripts_classes | 
[  26% ] update_scripts_classes | 
[  26% ] update_scripts_classes | 
[  26% ] update_scripts_classes | 
[  26% ] update_scripts_classes | 
[  26% ] update_scripts_classes | 
[  26% ] update_scripts_classes | 
[  26% ] update_scripts_classes | 
[  26% ] update_scripts_classes | 
[  26% ] update_scripts_classes | 
[  26% ] update_scripts_classes | 
[  26% ] update_scripts_classes | 
[  26% ] update_scripts_classes | 
[  26% ] update_scripts_classes | 
[  26% ] update_scripts_classes | 
[  27% ] update_scripts_classes | 
[  27% ] update_scripts_classes | 
[  27% ] update_scripts_classes | 
[  27% ] update_scripts_classes | 
[  27% ] update_scripts_classes | 
[  27% ] update_scripts_classes | 
[  27% ] update_scripts_classes | 
[  27% ] update_scripts_classes | 
[  27% ] update_scripts_classes | 
[  27% ] update_scripts_classes | 
[  27% ] update_scripts_classes | 
[  27% ] update_scripts_classes | 
[  27% ] update_scripts_classes | 
[  27% ] update_scripts_classes | 
[  27% ] update_scripts_classes | 
[  27% ] update_scripts_classes | 
[  27% ] update_scripts_classes | 
[  28% ] update_scripts_classes | 
[  28% ] update_scripts_classes | 
[  28% ] update_scripts_classes | 
[  28% ] update_scripts_classes | 
[  28% ] update_scripts_classes | 
[  28% ] update_scripts_classes | 
[  28% ] update_scripts_classes | 
[  28% ] update_scripts_classes | 
[  28% ] update_scripts_classes | 
[  28% ] update_scripts_classes | 
[  28% ] update_scripts_classes | 
[  28% ] update_scripts_classes | 
[  28% ] update_scripts_classes | 
[  28% ] update_scripts_classes | 
[  28% ] update_scripts_classes | 
[  28% ] update_scripts_classes | 
[  28% ] update_scripts_classes | 
[  28% ] update_scripts_classes | 
[  29% ] update_scripts_classes | 
[  29% ] update_scripts_classes | 
[  29% ] update_scripts_classes | 
[  29% ] update_scripts_classes | 
[  29% ] update_scripts_classes | 
[  29% ] update_scripts_classes | 
[  29% ] update_scripts_classes | 
[  29% ] update_scripts_classes | 
[  29% ] update_scripts_classes | 
[  29% ] update_scripts_classes | 
[  29% ] update_scripts_classes | 
[  29% ] update_scripts_classes | 
[  29% ] update_scripts_classes | 
[  29% ] update_scripts_classes | 
[  29% ] update_scripts_classes | 
[  29% ] update_scripts_classes | 
[  29% ] update_scripts_classes | 
[  30% ] update_scripts_classes | 
[  30% ] update_scripts_classes | 
[  30% ] update_scripts_classes | 
[  30% ] update_scripts_classes | 
[  30% ] update_scripts_classes | 
[  30% ] update_scripts_classes | 
[  30% ] update_scripts_classes | 
[  30% ] update_scripts_classes | 
[  30% ] update_scripts_classes | 
[  30% ] update_scripts_classes | 
[  30% ] update_scripts_classes | 
[  30% ] update_scripts_classes | 
[  30% ] update_scripts_classes | 
[  30% ] update_scripts_classes | 
[  30% ] update_scripts_classes | 
[  30% ] update_scripts_classes | 
[  30% ] update_scripts_classes | 
[  30% ] update_scripts_classes | 
[  31% ] update_scripts_classes | 
[  31% ] update_scripts_classes | 
[  31% ] update_scripts_classes | 
[  31% ] update_scripts_classes | 
[  31% ] update_scripts_classes | 
[  31% ] update_scripts_classes | 
[  31% ] update_scripts_classes | 
[  31% ] update_scripts_classes | 
[  31% ] update_scripts_classes | 
[  31% ] update_scripts_classes | 
[  31% ] update_scripts_classes | 
[  31% ] update_scripts_classes | 
[  31% ] update_scripts_classes | 
[  31% ] update_scripts_classes | 
[  31% ] update_scripts_classes | 
[  31% ] update_scripts_classes | 
[  31% ] update_scripts_classes | 
[  32% ] update_scripts_classes | 
[  32% ] update_scripts_classes | 
[  32% ] update_scripts_classes | 
[  32% ] update_scripts_classes | 
[  32% ] update_scripts_classes | 
[  32% ] update_scripts_classes | 
[  32% ] update_scripts_classes | 
[  32% ] update_scripts_classes | 
[  32% ] update_scripts_classes | 
[  32% ] update_scripts_classes | 
[  32% ] update_scripts_classes | 
[  32% ] update_scripts_classes | 
[  32% ] update_scripts_classes | 
[  32% ] update_scripts_classes | 
[  32% ] update_scripts_classes | 
[  32% ] update_scripts_classes | 
[  32% ] update_scripts_classes | 
[  32% ] update_scripts_classes | 
[  33% ] update_scripts_classes | 
[  33% ] update_scripts_classes | 
[  33% ] update_scripts_classes | 
[  33% ] update_scripts_classes | 
[  33% ] update_scripts_classes | 
[  33% ] update_scripts_classes | 
[  33% ] update_scripts_classes | 
[  33% ] update_scripts_classes | 
[  33% ] update_scripts_classes | 
[  33% ] update_scripts_classes | 
[  33% ] update_scripts_classes | 
[  33% ] update_scripts_classes | 
[  33% ] update_scripts_classes | 
[  33% ] update_scripts_classes | 
[  33% ] update_scripts_classes | 
[  33% ] update_scripts_classes | 
[  33% ] update_scripts_classes | 
[  34% ] update_scripts_classes | 
[  34% ] update_scripts_classes | 
[  34% ] update_scripts_classes | 
[  34% ] update_scripts_classes | 
[  34% ] update_scripts_classes | 
[  34% ] update_scripts_classes | 
[  34% ] update_scripts_classes | 
[  34% ] update_scripts_classes | 
[  34% ] update_scripts_classes | 
[  34% ] update_scripts_classes | 
[  34% ] update_scripts_classes | 
[  34% ] update_scripts_classes | 
[  34% ] update_scripts_classes | 
[  34% ] update_scripts_classes | 
[  34% ] update_scripts_classes | 
[  34% ] update_scripts_classes | 
[  34% ] update_scripts_classes | 
[  34% ] update_scripts_classes | 
[  35% ] update_scripts_classes | 
[  35% ] update_scripts_classes | 
[  35% ] update_scripts_classes | 
[  35% ] update_scripts_classes | 
[  35% ] update_scripts_classes | 
[  35% ] update_scripts_classes | 
[  35% ] update_scripts_classes | 
[  35% ] update_scripts_classes | 
[  35% ] update_scripts_classes | 
[  35% ] update_scripts_classes | 
[  35% ] update_scripts_classes | 
[  35% ] update_scripts_classes | 
[  35% ] update_scripts_classes | 
[  35% ] update_scripts_classes | 
[  35% ] update_scripts_classes | 
[  35% ] update_scripts_classes | 
[  35% ] update_scripts_classes | 
[  36% ] update_scripts_classes | 
[  36% ] update_scripts_classes | 
[  36% ] update_scripts_classes | 
[  36% ] update_scripts_classes | 
[  36% ] update_scripts_classes | 
[  36% ] update_scripts_classes | 
[  36% ] update_scripts_classes | 
[  36% ] update_scripts_classes | 
[  36% ] update_scripts_classes | 
[  36% ] update_scripts_classes | 
[  36% ] update_scripts_classes | 
[  36% ] update_scripts_classes | 
[  36% ] update_scripts_classes | 
[  36% ] update_scripts_classes | 
[  36% ] update_scripts_classes | 
[  36% ] update_scripts_classes | 
[  36% ] update_scripts_classes | 
[  36% ] update_scripts_classes | 
[  37% ] update_scripts_classes | 
[  37% ] update_scripts_classes | 
[  37% ] update_scripts_classes | 
[  37% ] update_scripts_classes | 
[  37% ] update_scripts_classes | 
[  37% ] update_scripts_classes | 
[  37% ] update_scripts_classes | 
[  37% ] update_scripts_classes | 
[  37% ] update_scripts_classes | 
[  37% ] update_scripts_classes | 
[  37% ] update_scripts_classes | 
[  37% ] update_scripts_classes | 
[  37% ] update_scripts_classes | 
[  37% ] update_scripts_classes | 
[  37% ] update_scripts_classes | 
[  37% ] update_scripts_classes | 
[  37% ] update_scripts_classes | 
[  38% ] update_scripts_classes | 
[  38% ] update_scripts_classes | 
[  38% ] update_scripts_classes | 
[  38% ] update_scripts_classes | 
[  38% ] update_scripts_classes | 
[  38% ] update_scripts_classes | 
[  38% ] update_scripts_classes | 
[  38% ] update_scripts_classes | 
[  38% ] update_scripts_classes | 
[  38% ] update_scripts_classes | 
[  38% ] update_scripts_classes | 
[  38% ] update_scripts_classes | 
[  38% ] update_scripts_classes | 
[  38% ] update_scripts_classes | 
[  38% ] update_scripts_classes | 
[  38% ] update_scripts_classes | 
[  38% ] update_scripts_classes | 
[  39% ] update_scripts_classes | 
[  39% ] update_scripts_classes | 
[  39% ] update_scripts_classes | 
[  39% ] update_scripts_classes | 
[  39% ] update_scripts_classes | 
[  39% ] update_scripts_classes | 
[  39% ] update_scripts_classes | 
[  39% ] update_scripts_classes | 
[  39% ] update_scripts_classes | 
[  39% ] update_scripts_classes | 
[  39% ] update_scripts_classes | 
[  39% ] update_scripts_classes | 
[  39% ] update_scripts_classes | 
[  39% ] update_scripts_classes | 
[  39% ] update_scripts_classes | 
[  39% ] update_scripts_classes | 
[  39% ] update_scripts_classes | 
[  39% ] update_scripts_classes | 
[  40% ] update_scripts_classes | 
[  40% ] update_scripts_classes | 
[  40% ] update_scripts_classes | 
[  40% ] update_scripts_classes | 
[  40% ] update_scripts_classes | 
[  40% ] update_scripts_classes | 
[  40% ] update_scripts_classes | 
[  40% ] update_scripts_classes | 
[  40% ] update_scripts_classes | 
[  40% ] update_scripts_classes | 
[  40% ] update_scripts_classes | 
[  40% ] update_scripts_classes | 
[  40% ] update_scripts_classes | 
[  40% ] update_scripts_classes | 
[  40% ] update_scripts_classes | 
[  40% ] update_scripts_classes | 
[  40% ] update_scripts_classes | 
[  41% ] update_scripts_classes | 
[  41% ] update_scripts_classes | 
[  41% ] update_scripts_classes | 
[  41% ] update_scripts_classes | 
[  41% ] update_scripts_classes | 
[  41% ] update_scripts_classes | 
[  41% ] update_scripts_classes | 
[  41% ] update_scripts_classes | 
[  41% ] update_scripts_classes | 
[  41% ] update_scripts_classes | 
[  41% ] update_scripts_classes | 
[  41% ] update_scripts_classes | 
[  41% ] update_scripts_classes | 
[  41% ] update_scripts_classes | 
[  41% ] update_scripts_classes | 
[  41% ] update_scripts_classes | 
[  41% ] update_scripts_classes | 
[  41% ] update_scripts_classes | 
[  42% ] update_scripts_classes | 
[  42% ] update_scripts_classes | 
[  42% ] update_scripts_classes | 
[  42% ] update_scripts_classes | 
[  42% ] update_scripts_classes | 
[  42% ] update_scripts_classes | 
[  42% ] update_scripts_classes | 
[  42% ] update_scripts_classes | 
[  42% ] update_scripts_classes | 
[  42% ] update_scripts_classes | 
[  42% ] update_scripts_classes | 
[  42% ] update_scripts_classes | 
[  42% ] update_scripts_classes | 
[  42% ] update_scripts_classes | 
[  42% ] update_scripts_classes | 
[  42% ] update_scripts_classes | 
[  42% ] update_scripts_classes | 
[  43% ] update_scripts_classes | 
[  43% ] update_scripts_classes | 
[  43% ] update_scripts_classes | 
[  43% ] update_scripts_classes | 
[  43% ] update_scripts_classes | 
[  43% ] update_scripts_classes | 
[  43% ] update_scripts_classes | 
[  43% ] update_scripts_classes | 
[  43% ] update_scripts_classes | 
[  43% ] update_scripts_classes | 
[  43% ] update_scripts_classes | 
[  43% ] update_scripts_classes | 
[  43% ] update_scripts_classes | 
[  43% ] update_scripts_classes | 
[  43% ] update_scripts_classes | 
[  43% ] update_scripts_classes | 
[  43% ] update_scripts_classes | 
[  43% ] update_scripts_classes | 
[  44% ] update_scripts_classes | 
[  44% ] update_scripts_classes | 
[  44% ] update_scripts_classes | 
[  44% ] update_scripts_classes | 
[  44% ] update_scripts_classes | 
[  44% ] update_scripts_classes | 
[  44% ] update_scripts_classes | 
[  44% ] update_scripts_classes | V0MVPSharedGraphicalScene
[  44% ] update_scripts_classes | 
[  44% ] update_scripts_classes | 
[  44% ] update_scripts_classes | 
[  44% ] update_scripts_classes | 
[  44% ] update_scripts_classes | 
[  44% ] update_scripts_classes | 
[  44% ] update_scripts_classes | 
[  44% ] update_scripts_classes | 
[  44% ] update_scripts_classes | 
[  45% ] update_scripts_classes | 
[  45% ] update_scripts_classes | 
[  45% ] update_scripts_classes | 
[  45% ] update_scripts_classes | 
[  45% ] update_scripts_classes | 
[  45% ] update_scripts_classes | 
[  45% ] update_scripts_classes | 
[  45% ] update_scripts_classes | 
[  45% ] update_scripts_classes | 
[  45% ] update_scripts_classes | 
[  45% ] update_scripts_classes | 
[  45% ] update_scripts_classes | 
[  45% ] update_scripts_classes | 
[  45% ] update_scripts_classes | 
[  45% ] update_scripts_classes | 
[  45% ] update_scripts_classes | 
[  45% ] update_scripts_classes | 
[  45% ] update_scripts_classes | 
[  46% ] update_scripts_classes | 
[  46% ] update_scripts_classes | 
[  46% ] update_scripts_classes | 
[  46% ] update_scripts_classes | 
[  46% ] update_scripts_classes | 
[  46% ] update_scripts_classes | 
[  46% ] update_scripts_classes | 
[  46% ] update_scripts_classes | 
[  46% ] update_scripts_classes | 
[  46% ] update_scripts_classes | 
[  46% ] update_scripts_classes | 
[  46% ] update_scripts_classes | 
[  46% ] update_scripts_classes | 
[  46% ] update_scripts_classes | 
[  46% ] update_scripts_classes | 
[  46% ] update_scripts_classes | 
[  46% ] update_scripts_classes | 
[  47% ] update_scripts_classes | 
[  47% ] update_scripts_classes | 
[  47% ] update_scripts_classes | 
[  47% ] update_scripts_classes | 
[  47% ] update_scripts_classes | 
[  47% ] update_scripts_classes | 
[  47% ] update_scripts_classes | 
[  47% ] update_scripts_classes | 
[  47% ] update_scripts_classes | 
[  47% ] update_scripts_classes | 
[  47% ] update_scripts_classes | 
[  47% ] update_scripts_classes | 
[  47% ] update_scripts_classes | 
[  47% ] update_scripts_classes | 
[  47% ] update_scripts_classes | 
[  47% ] update_scripts_classes | 
[  47% ] update_scripts_classes | 
[  47% ] update_scripts_classes | 
[  48% ] update_scripts_classes | 
[  48% ] update_scripts_classes | 
[  48% ] update_scripts_classes | 
[  48% ] update_scripts_classes | 
[  48% ] update_scripts_classes | 
[  48% ] update_scripts_classes | 
[  48% ] update_scripts_classes | 
[  48% ] update_scripts_classes | 
[  48% ] update_scripts_classes | 
[  48% ] update_scripts_classes | 
[  48% ] update_scripts_classes | 
[  48% ] update_scripts_classes | 
[  48% ] update_scripts_classes | 
[  48% ] update_scripts_classes | 
[  48% ] update_scripts_classes | 
[  48% ] update_scripts_classes | 
[  48% ] update_scripts_classes | 
[  49% ] update_scripts_classes | 
[  49% ] update_scripts_classes | 
[  49% ] update_scripts_classes | 
[  49% ] update_scripts_classes | 
[  49% ] update_scripts_classes | 
[  49% ] update_scripts_classes | 
[  49% ] update_scripts_classes | 
[  49% ] update_scripts_classes | 
[  49% ] update_scripts_classes | 
[  49% ] update_scripts_classes | 
[  49% ] update_scripts_classes | 
[  49% ] update_scripts_classes | 
[  49% ] update_scripts_classes | 
[  49% ] update_scripts_classes | 
[  49% ] update_scripts_classes | 
[  49% ] update_scripts_classes | 
[  49% ] update_scripts_classes | 
[  50% ] update_scripts_classes | 
[  50% ] update_scripts_classes | 
[  50% ] update_scripts_classes | 
[  50% ] update_scripts_classes | 
[  50% ] update_scripts_classes | 
[  50% ] update_scripts_classes | 
[  50% ] update_scripts_classes | 
[  50% ] update_scripts_classes | 
[  50% ] update_scripts_classes | 
[  50% ] update_scripts_classes | 
[  50% ] update_scripts_classes | 
[  50% ] update_scripts_classes | 
[  50% ] update_scripts_classes | 
[  50% ] update_scripts_classes | 
[  50% ] update_scripts_classes | 
[  50% ] update_scripts_classes | 
[  50% ] update_scripts_classes | 
[  50% ] update_scripts_classes | 
[  51% ] update_scripts_classes | 
[  51% ] update_scripts_classes | 
[  51% ] update_scripts_classes | 
[  51% ] update_scripts_classes | 
[  51% ] update_scripts_classes | 
[  51% ] update_scripts_classes | 
[  51% ] update_scripts_classes | 
[  51% ] update_scripts_classes | 
[  51% ] update_scripts_classes | 
[  51% ] update_scripts_classes | 
[  51% ] update_scripts_classes | 
[  51% ] update_scripts_classes | 
[  51% ] update_scripts_classes | 
[  51% ] update_scripts_classes | 
[  51% ] update_scripts_classes | 
[  51% ] update_scripts_classes | 
[  51% ] update_scripts_classes | 
[  52% ] update_scripts_classes | 
[  52% ] update_scripts_classes | 
[  52% ] update_scripts_classes | 
[  52% ] update_scripts_classes | 
[  52% ] update_scripts_classes | 
[  52% ] update_scripts_classes | 
[  52% ] update_scripts_classes | 
[  52% ] update_scripts_classes | 
[  52% ] update_scripts_classes | 
[  52% ] update_scripts_classes | 
[  52% ] update_scripts_classes | 
[  52% ] update_scripts_classes | 
[  52% ] update_scripts_classes | 
[  52% ] update_scripts_classes | 
[  52% ] update_scripts_classes | 
[  52% ] update_scripts_classes | 
[  52% ] update_scripts_classes | 
[  52% ] update_scripts_classes | 
[  53% ] update_scripts_classes | 
[  53% ] update_scripts_classes | 
[  53% ] update_scripts_classes | 
[  53% ] update_scripts_classes | 
[  53% ] update_scripts_classes | 
[  53% ] update_scripts_classes | 
[  53% ] update_scripts_classes | 
[  53% ] update_scripts_classes | 
[  53% ] update_scripts_classes | 
[  53% ] update_scripts_classes | 
[  53% ] update_scripts_classes | 
[  53% ] update_scripts_classes | 
[  53% ] update_scripts_classes | 
[  53% ] update_scripts_classes | 
[  53% ] update_scripts_classes | 
[  53% ] update_scripts_classes | 
[  53% ] update_scripts_classes | 
[  54% ] update_scripts_classes | 
[  54% ] update_scripts_classes | 
[  54% ] update_scripts_classes | 
[  54% ] update_scripts_classes | 
[  54% ] update_scripts_classes | 
[  54% ] update_scripts_classes | 
[  54% ] update_scripts_classes | 
[  54% ] update_scripts_classes | 
[  54% ] update_scripts_classes | 
[  54% ] update_scripts_classes | 
[  54% ] update_scripts_classes | 
[  54% ] update_scripts_classes | 
[  54% ] update_scripts_classes | 
[  54% ] update_scripts_classes | 
[  54% ] update_scripts_classes | 
[  54% ] update_scripts_classes | 
[  54% ] update_scripts_classes | 
[  54% ] update_scripts_classes | 
[  55% ] update_scripts_classes | 
[  55% ] update_scripts_classes | 
[  55% ] update_scripts_classes | 
[  55% ] update_scripts_classes | 
[  55% ] update_scripts_classes | 
[  55% ] update_scripts_classes | 
[  55% ] update_scripts_classes | 
[  55% ] update_scripts_classes | 
[  55% ] update_scripts_classes | 
[  55% ] update_scripts_classes | 
[  55% ] update_scripts_classes | 
[  55% ] update_scripts_classes | 
[  55% ] update_scripts_classes | 
[  55% ] update_scripts_classes | 
[  55% ] update_scripts_classes | 
[  55% ] update_scripts_classes | 
[  55% ] update_scripts_classes | 
[  56% ] update_scripts_classes | 
[  56% ] update_scripts_classes | 
[  56% ] update_scripts_classes | 
[  56% ] update_scripts_classes | 
[  56% ] update_scripts_classes | 
[  56% ] update_scripts_classes | 
[  56% ] update_scripts_classes | 
[  56% ] update_scripts_classes | 
[  56% ] update_scripts_classes | 
[  56% ] update_scripts_classes | 
[  56% ] update_scripts_classes | 
[  56% ] update_scripts_classes | 
[  56% ] update_scripts_classes | 
[  56% ] update_scripts_classes | 
[  56% ] update_scripts_classes | 
[  56% ] update_scripts_classes | 
[  56% ] update_scripts_classes | 
[  56% ] update_scripts_classes | 
[  57% ] update_scripts_classes | 
[  57% ] update_scripts_classes | 
[  57% ] update_scripts_classes | 
[  57% ] update_scripts_classes | 
[  57% ] update_scripts_classes | 
[  57% ] update_scripts_classes | 
[  57% ] update_scripts_classes | 
[  57% ] update_scripts_classes | 
[  57% ] update_scripts_classes | 
[  57% ] update_scripts_classes | 
[  57% ] update_scripts_classes | 
[  57% ] update_scripts_classes | 
[  57% ] update_scripts_classes | 
[  57% ] update_scripts_classes | 
[  57% ] update_scripts_classes | 
[  57% ] update_scripts_classes | 
[  57% ] update_scripts_classes | 
[  58% ] update_scripts_classes | 
[  58% ] update_scripts_classes | 
[  58% ] update_scripts_classes | 
[  58% ] update_scripts_classes | 
[  58% ] update_scripts_classes | 
[  58% ] update_scripts_classes | 
[  58% ] update_scripts_classes | 
[  58% ] update_scripts_classes | 
[  58% ] update_scripts_classes | 
[  58% ] update_scripts_classes | 
[  58% ] update_scripts_classes | 
[  58% ] update_scripts_classes | 
[  58% ] update_scripts_classes | 
[  58% ] update_scripts_classes | 
[  58% ] update_scripts_classes | 
[  58% ] update_scripts_classes | 
[  58% ] update_scripts_classes | 
[  58% ] update_scripts_classes | 
[  59% ] update_scripts_classes | 
[  59% ] update_scripts_classes | 
[  59% ] update_scripts_classes | 
[  59% ] update_scripts_classes | 
[  59% ] update_scripts_classes | 
[  59% ] update_scripts_classes | 
[  59% ] update_scripts_classes | 
[  59% ] update_scripts_classes | 
[  59% ] update_scripts_classes | 
[  59% ] update_scripts_classes | 
[  59% ] update_scripts_classes | 
[  59% ] update_scripts_classes | 
[  59% ] update_scripts_classes | 
[  59% ] update_scripts_classes | 
[  59% ] update_scripts_classes | InventoryCursorController
[  59% ] update_scripts_classes | InventoryInteractionProfile
[  59% ] update_scripts_classes | InventoryInteractionProfileLoader
[  60% ] update_scripts_classes | InventoryInteractionRouter
[  60% ] update_scripts_classes | InventorySlotModeAdapter
[  60% ] update_scripts_classes | InventorySlotProjection
[  60% ] update_scripts_classes | InventoryTransferSession
[  60% ] update_scripts_classes | 
[  60% ] update_scripts_classes | 
[  60% ] update_scripts_classes | 
[  60% ] update_scripts_classes | 
[  60% ] update_scripts_classes | InventoryContainerPanel
[  60% ] update_scripts_classes | InventoryHotbarPanel
[  60% ] update_scripts_classes | InventoryCommandFacade
[  60% ] update_scripts_classes | InventoryInspector
[  60% ] update_scripts_classes | InventoryPreferencesStore
[  60% ] update_scripts_classes | InventoryScreen
[  60% ] update_scripts_classes | InventoryToastLayer
[  60% ] update_scripts_classes | InventoryViewModel
[  60% ] update_scripts_classes | InventoryItemCell
[  60% ] update_scripts_classes | InventoryItemContextMenu
[  61% ] update_scripts_classes | InventoryItemTooltip
[  61% ] update_scripts_classes | InventoryStackSplitDialog
[  61% ] update_scripts_classes | 
[  61% ] update_scripts_classes | 
[  61% ] update_scripts_classes | 
[  61% ] update_scripts_classes | 
[  61% ] update_scripts_classes | 
[  61% ] update_scripts_classes | 
[  61% ] update_scripts_classes | 
[  61% ] update_scripts_classes | 
[  61% ] update_scripts_classes | 
[  61% ] update_scripts_classes | 
[  61% ] update_scripts_classes | 
[  61% ] update_scripts_classes | 
[  61% ] update_scripts_classes | 
[  61% ] update_scripts_classes | 
[  61% ] update_scripts_classes | 
[  62% ] update_scripts_classes | 
[  62% ] update_scripts_classes | 
[  62% ] update_scripts_classes | 
[  62% ] update_scripts_classes | 
[  62% ] update_scripts_classes | 
[  62% ] update_scripts_classes | 
[  62% ] update_scripts_classes | 
[  62% ] update_scripts_classes | 
[  62% ] update_scripts_classes | 
[  62% ] update_scripts_classes | 
[  62% ] update_scripts_classes | 
[  62% ] update_scripts_classes | 
[  62% ] update_scripts_classes | 
[  62% ] update_scripts_classes | 
[  62% ] update_scripts_classes | 
[  62% ] update_scripts_classes | 
[  62% ] update_scripts_classes | 
[  63% ] update_scripts_classes | 
[  63% ] update_scripts_classes | 
[  63% ] update_scripts_classes | 
[  63% ] update_scripts_classes | 
[  63% ] update_scripts_classes | 
[  63% ] update_scripts_classes | 
[  63% ] update_scripts_classes | 
[  63% ] update_scripts_classes | 
[  63% ] update_scripts_classes | 
[  63% ] update_scripts_classes | 
[  63% ] update_scripts_classes | 
[  63% ] update_scripts_classes | 
[  63% ] update_scripts_classes | 
[  63% ] update_scripts_classes | 
[  63% ] update_scripts_classes | 
[  63% ] update_scripts_classes | 
[  63% ] update_scripts_classes | 
[  63% ] update_scripts_classes | 
[  64% ] update_scripts_classes | 
[  64% ] update_scripts_classes | 
[  64% ] update_scripts_classes | 
[  64% ] update_scripts_classes | 
[  64% ] update_scripts_classes | 
[  64% ] update_scripts_classes | 
[  64% ] update_scripts_classes | 
[  64% ] update_scripts_classes | 
[  64% ] update_scripts_classes | 
[  64% ] update_scripts_classes | 
[  64% ] update_scripts_classes | 
[  64% ] update_scripts_classes | 
[  64% ] update_scripts_classes | 
[  64% ] update_scripts_classes | 
[  64% ] update_scripts_classes | 
[  64% ] update_scripts_classes | 
[  64% ] update_scripts_classes | 
[  65% ] update_scripts_classes | 
[  65% ] update_scripts_classes | 
[  65% ] update_scripts_classes | 
[  65% ] update_scripts_classes | 
[  65% ] update_scripts_classes | 
[  65% ] update_scripts_classes | 
[  65% ] update_scripts_classes | 
[  65% ] update_scripts_classes | 
[  65% ] update_scripts_classes | 
[  65% ] update_scripts_classes | 
[  65% ] update_scripts_classes | 
[  65% ] update_scripts_classes | 
[  65% ] update_scripts_classes | 
[  65% ] update_scripts_classes | 
[  65% ] update_scripts_classes | 
[  65% ] update_scripts_classes | 
[  65% ] update_scripts_classes | 
[  65% ] update_scripts_classes | 
[  66% ] update_scripts_classes | 
[  66% ] update_scripts_classes | 
[  66% ] update_scripts_classes | 
[  66% ] update_scripts_classes | 
[  66% ] update_scripts_classes | 
[  66% ] update_scripts_classes | 
[  66% ] update_scripts_classes | 
[  66% ] update_scripts_classes | 
[  66% ] update_scripts_classes | 
[  66% ] update_scripts_classes | 
[  66% ] update_scripts_classes | 
[  66% ] update_scripts_classes | 
[  66% ] update_scripts_classes | 
[  66% ] update_scripts_classes | 
[  66% ] update_scripts_classes | 
[  66% ] update_scripts_classes | 
[  66% ] update_scripts_classes | 
[  67% ] update_scripts_classes | 
[  67% ] update_scripts_classes | 
[  67% ] update_scripts_classes | 
[  67% ] update_scripts_classes | 
[  67% ] update_scripts_classes | 
[  67% ] update_scripts_classes | 
[  67% ] update_scripts_classes | 
[  67% ] update_scripts_classes | 
[  67% ] update_scripts_classes | 
[  67% ] update_scripts_classes | 
[  67% ] update_scripts_classes | 
[  67% ] update_scripts_classes | 
[  67% ] update_scripts_classes | 
[  67% ] update_scripts_classes | 
[  67% ] update_scripts_classes | 
[  67% ] update_scripts_classes | 
[  67% ] update_scripts_classes | 
[  67% ] update_scripts_classes | 
[  68% ] update_scripts_classes | 
[  68% ] update_scripts_classes | 
[  68% ] update_scripts_classes | 
[  68% ] update_scripts_classes | 
[  68% ] update_scripts_classes | 
[  68% ] update_scripts_classes | 
[  68% ] update_scripts_classes | 
[  68% ] update_scripts_classes | 
[  68% ] update_scripts_classes | 
[  68% ] update_scripts_classes | 
[  68% ] update_scripts_classes | 
[  68% ] update_scripts_classes | 
[  68% ] update_scripts_classes | 
[  68% ] update_scripts_classes | 
[  68% ] update_scripts_classes | 
[  68% ] update_scripts_classes | 
[  68% ] update_scripts_classes | 
[  69% ] update_scripts_classes | 
[  69% ] update_scripts_classes | 
[  69% ] update_scripts_classes | 
[  69% ] update_scripts_classes | 
[  69% ] update_scripts_classes | 
[  69% ] update_scripts_classes | 
[  69% ] update_scripts_classes | 
[  69% ] update_scripts_classes | 
[  69% ] update_scripts_classes | 
[  69% ] update_scripts_classes | 
[  69% ] update_scripts_classes | 
[  69% ] update_scripts_classes | 
[  69% ] update_scripts_classes | 
[  69% ] update_scripts_classes | 
[  69% ] update_scripts_classes | 
[  69% ] update_scripts_classes | 
[  69% ] update_scripts_classes | 
[  69% ] update_scripts_classes | 
[  70% ] update_scripts_classes | 
[  70% ] update_scripts_classes | 
[  70% ] update_scripts_classes | 
[  70% ] update_scripts_classes | 
[  70% ] update_scripts_classes | 
[  70% ] update_scripts_classes | 
[  70% ] update_scripts_classes | 
[  70% ] update_scripts_classes | 
[  70% ] update_scripts_classes | 
[  70% ] update_scripts_classes | 
[  70% ] update_scripts_classes | 
[  70% ] update_scripts_classes | 
[  70% ] update_scripts_classes | 
[  70% ] update_scripts_classes | 
[  70% ] update_scripts_classes | 
[  70% ] update_scripts_classes | 
[  70% ] update_scripts_classes | 
[  71% ] update_scripts_classes | 
[  71% ] update_scripts_classes | 
[  71% ] update_scripts_classes | 
[  71% ] update_scripts_classes | 
[  71% ] update_scripts_classes | 
[  71% ] update_scripts_classes | 
[  71% ] update_scripts_classes | 
[  71% ] update_scripts_classes | 
[  71% ] update_scripts_classes | 
[  71% ] update_scripts_classes | 
[  71% ] update_scripts_classes | 
[  71% ] update_scripts_classes | 
[  71% ] update_scripts_classes | 
[  71% ] update_scripts_classes | 
[  71% ] update_scripts_classes | 
[  71% ] update_scripts_classes | 
[  71% ] update_scripts_classes | 
[  71% ] update_scripts_classes | 
[  72% ] update_scripts_classes | 
[  72% ] update_scripts_classes | 
[  72% ] update_scripts_classes | 
[  72% ] update_scripts_classes | 
[  72% ] update_scripts_classes | 
[  72% ] update_scripts_classes | 
[  72% ] update_scripts_classes | 
[  72% ] update_scripts_classes | 
[  72% ] update_scripts_classes | 
[  72% ] update_scripts_classes | 
[  72% ] update_scripts_classes | 
[  72% ] update_scripts_classes | 
[  72% ] update_scripts_classes | 
[  72% ] update_scripts_classes | 
[  72% ] update_scripts_classes | 
[  72% ] update_scripts_classes | 
[  72% ] update_scripts_classes | 
[  73% ] update_scripts_classes | 
[  73% ] update_scripts_classes | 
[  73% ] update_scripts_classes | 
[  73% ] update_scripts_classes | 
[  73% ] update_scripts_classes | 
[  73% ] update_scripts_classes | 
[  73% ] update_scripts_classes | 
[  73% ] update_scripts_classes | 
[  73% ] update_scripts_classes | 
[  73% ] update_scripts_classes | 
[  73% ] update_scripts_classes | 
[  73% ] update_scripts_classes | 
[  73% ] update_scripts_classes | 
[  73% ] update_scripts_classes | 
[  73% ] update_scripts_classes | 
[  73% ] update_scripts_classes | 
[  73% ] update_scripts_classes | 
[  73% ] update_scripts_classes | 
[  74% ] update_scripts_classes | 
[  74% ] update_scripts_classes | 
[  74% ] update_scripts_classes | 
[  74% ] update_scripts_classes | 
[  74% ] update_scripts_classes | 
[  74% ] update_scripts_classes | 
[  74% ] update_scripts_classes | 
[  74% ] update_scripts_classes | 
[  74% ] update_scripts_classes | 
[  74% ] update_scripts_classes | 
[  74% ] update_scripts_classes | 
[  74% ] update_scripts_classes | 
[  74% ] update_scripts_classes | 
[  74% ] update_scripts_classes | 
[  74% ] update_scripts_classes | 
[  74% ] update_scripts_classes | 
[  74% ] update_scripts_classes | 
[  75% ] update_scripts_classes | 
[  75% ] update_scripts_classes | 
[  75% ] update_scripts_classes | 
[  75% ] update_scripts_classes | 
[  75% ] update_scripts_classes | 
[  75% ] update_scripts_classes | 
[  75% ] update_scripts_classes | 
[  75% ] update_scripts_classes | 
[  75% ] update_scripts_classes | 
[  75% ] update_scripts_classes | 
[  75% ] update_scripts_classes | 
[  75% ] update_scripts_classes | 
[  75% ] update_scripts_classes | 
[  75% ] update_scripts_classes | 
[  75% ] update_scripts_classes | 
[  75% ] update_scripts_classes | 
[  75% ] update_scripts_classes | 
[  76% ] update_scripts_classes | 
[  76% ] update_scripts_classes | 
[  76% ] update_scripts_classes | 
[  76% ] update_scripts_classes | 
[  76% ] update_scripts_classes | 
[  76% ] update_scripts_classes | 
[  76% ] update_scripts_classes | 
[  76% ] update_scripts_classes | 
[  76% ] update_scripts_classes | 
[  76% ] update_scripts_classes | 
[  76% ] update_scripts_classes | 
[  76% ] update_scripts_classes | 
[  76% ] update_scripts_classes | 
[  76% ] update_scripts_classes | 
[  76% ] update_scripts_classes | 
[  76% ] update_scripts_classes | 
[  76% ] update_scripts_classes | 
[  76% ] update_scripts_classes | 
[  77% ] update_scripts_classes | 
[  77% ] update_scripts_classes | 
[  77% ] update_scripts_classes | 
[  77% ] update_scripts_classes | 
[  77% ] update_scripts_classes | 
[  77% ] update_scripts_classes | 
[  77% ] update_scripts_classes | 
[  77% ] update_scripts_classes | 
[  77% ] update_scripts_classes | 
[  77% ] update_scripts_classes | 
[  77% ] update_scripts_classes | 
[  77% ] update_scripts_classes | 
[  77% ] update_scripts_classes | 
[  77% ] update_scripts_classes | 
[  77% ] update_scripts_classes | 
[  77% ] update_scripts_classes | 
[  77% ] update_scripts_classes | 
[  78% ] update_scripts_classes | 
[  78% ] update_scripts_classes | 
[  78% ] update_scripts_classes | 
[  78% ] update_scripts_classes | 
[  78% ] update_scripts_classes | 
[  78% ] update_scripts_classes | 
[  78% ] update_scripts_classes | 
[  78% ] update_scripts_classes | 
[  78% ] update_scripts_classes | 
[  78% ] update_scripts_classes | 
[  78% ] update_scripts_classes | 
[  78% ] update_scripts_classes | 
[  78% ] update_scripts_classes | 
[  78% ] update_scripts_classes | 
[  78% ] update_scripts_classes | 
[  78% ] update_scripts_classes | 
[  78% ] update_scripts_classes | 
[  78% ] update_scripts_classes | 
[  79% ] update_scripts_classes | 
[  79% ] update_scripts_classes | 
[  79% ] update_scripts_classes | 
[  79% ] update_scripts_classes | 
[  79% ] update_scripts_classes | 
[  79% ] update_scripts_classes | 
[  79% ] update_scripts_classes | 
[  79% ] update_scripts_classes | 
[  79% ] update_scripts_classes | 
[  79% ] update_scripts_classes | 
[  79% ] update_scripts_classes | 
[  79% ] update_scripts_classes | 
[  79% ] update_scripts_classes | 
[  79% ] update_scripts_classes | 
[  79% ] update_scripts_classes | 
[  79% ] update_scripts_classes | 
[  79% ] update_scripts_classes | 
[  80% ] update_scripts_classes | 
[  80% ] update_scripts_classes | 
[  80% ] update_scripts_classes | 
[  80% ] update_scripts_classes | 
[  80% ] update_scripts_classes | 
[  80% ] update_scripts_classes | 
[  80% ] update_scripts_classes | 
[  80% ] update_scripts_classes | 
[  80% ] update_scripts_classes | 
[  80% ] update_scripts_classes | 
[  80% ] update_scripts_classes | 
[  80% ] update_scripts_classes | 
[  80% ] update_scripts_classes | 
[  80% ] update_scripts_classes | 
[  80% ] update_scripts_classes | 
[  80% ] update_scripts_classes | 
[  80% ] update_scripts_classes | 
[  80% ] update_scripts_classes | 
[  81% ] update_scripts_classes | 
[  81% ] update_scripts_classes | 
[  81% ] update_scripts_classes | 
[  81% ] update_scripts_classes | 
[  81% ] update_scripts_classes | 
[  81% ] update_scripts_classes | 
[  81% ] update_scripts_classes | 
[  81% ] update_scripts_classes | 
[  81% ] update_scripts_classes | 
[  81% ] update_scripts_classes | 
[  81% ] update_scripts_classes | 
[  81% ] update_scripts_classes | 
[  81% ] update_scripts_classes | 
[  81% ] update_scripts_classes | 
[  81% ] update_scripts_classes | 
[  81% ] update_scripts_classes | 
[  81% ] update_scripts_classes | 
[  82% ] update_scripts_classes | 
[  82% ] update_scripts_classes | 
[  82% ] update_scripts_classes | 
[  82% ] update_scripts_classes | 
[  82% ] update_scripts_classes | 
[  82% ] update_scripts_classes | 
[  82% ] update_scripts_classes | 
[  82% ] update_scripts_classes | 
[  82% ] update_scripts_classes | 
[  82% ] update_scripts_classes | 
[  82% ] update_scripts_classes | 
[  82% ] update_scripts_classes | 
[  82% ] update_scripts_classes | 
[  82% ] update_scripts_classes | 
[  82% ] update_scripts_classes | 
[  82% ] update_scripts_classes | 
[  82% ] update_scripts_classes | 
[  82% ] update_scripts_classes | 
[  83% ] update_scripts_classes | 
[  83% ] update_scripts_classes | 
[  83% ] update_scripts_classes | 
[  83% ] update_scripts_classes | 
[  83% ] update_scripts_classes | 
[  83% ] update_scripts_classes | 
[  83% ] update_scripts_classes | 
[  83% ] update_scripts_classes | 
[  83% ] update_scripts_classes | 
[  83% ] update_scripts_classes | 
[  83% ] update_scripts_classes | 
[  83% ] update_scripts_classes | 
[  83% ] update_scripts_classes | 
[  83% ] update_scripts_classes | 
[  83% ] update_scripts_classes | 
[  83% ] update_scripts_classes | 
[  83% ] update_scripts_classes | 
[  84% ] update_scripts_classes | 
[  84% ] update_scripts_classes | 
[  84% ] update_scripts_classes | 
[  84% ] update_scripts_classes | 
[  84% ] update_scripts_classes | 
[  84% ] update_scripts_classes | 
[  84% ] update_scripts_classes | 
[  84% ] update_scripts_classes | 
[  84% ] update_scripts_classes | 
[  84% ] update_scripts_classes | 
[  84% ] update_scripts_classes | 
[  84% ] update_scripts_classes | 
[  84% ] update_scripts_classes | 
[  84% ] update_scripts_classes | 
[  84% ] update_scripts_classes | 
[  84% ] update_scripts_classes | 
[  84% ] update_scripts_classes | 
[  84% ] update_scripts_classes | 
[  85% ] update_scripts_classes | 
[  85% ] update_scripts_classes | 
[  85% ] update_scripts_classes | 
[  85% ] update_scripts_classes | 
[  85% ] update_scripts_classes | 
[  85% ] update_scripts_classes | 
[  85% ] update_scripts_classes | 
[  85% ] update_scripts_classes | 
[  85% ] update_scripts_classes | 
[  85% ] update_scripts_classes | 
[  85% ] update_scripts_classes | 
[  85% ] update_scripts_classes | 
[  85% ] update_scripts_classes | 
[  85% ] update_scripts_classes | 
[  85% ] update_scripts_classes | 
[  85% ] update_scripts_classes | 
[  85% ] update_scripts_classes | 
[  86% ] update_scripts_classes | 
[  86% ] update_scripts_classes | 
[  86% ] update_scripts_classes | 
[  86% ] update_scripts_classes | 
[  86% ] update_scripts_classes | 
[  86% ] update_scripts_classes | 
[  86% ] update_scripts_classes | 
[  86% ] update_scripts_classes | 
[  86% ] update_scripts_classes | 
[  86% ] update_scripts_classes | 
[  86% ] update_scripts_classes | 
[  86% ] update_scripts_classes | 
[  86% ] update_scripts_classes | 
[  86% ] update_scripts_classes | 
[  86% ] update_scripts_classes | 
[  86% ] update_scripts_classes | 
[  86% ] update_scripts_classes | 
[  86% ] update_scripts_classes | 
[  87% ] update_scripts_classes | 
[  87% ] update_scripts_classes | 
[  87% ] update_scripts_classes | 
[  87% ] update_scripts_classes | 
[  87% ] update_scripts_classes | 
[  87% ] update_scripts_classes | 
[  87% ] update_scripts_classes | 
[  87% ] update_scripts_classes | 
[  87% ] update_scripts_classes | 
[  87% ] update_scripts_classes | 
[  87% ] update_scripts_classes | 
[  87% ] update_scripts_classes | 
[  87% ] update_scripts_classes | 
[  87% ] update_scripts_classes | 
[  87% ] update_scripts_classes | 
[  87% ] update_scripts_classes | 
[  87% ] update_scripts_classes | 
[  88% ] update_scripts_classes | 
[  88% ] update_scripts_classes | 
[  88% ] update_scripts_classes | 
[  88% ] update_scripts_classes | 
[  88% ] update_scripts_classes | 
[  88% ] update_scripts_classes | 
[  88% ] update_scripts_classes | 
[  88% ] update_scripts_classes | 
[  88% ] update_scripts_classes | 
[  88% ] update_scripts_classes | 
[  88% ] update_scripts_classes | 
[  88% ] update_scripts_classes | 
[  88% ] update_scripts_classes | 
[  88% ] update_scripts_classes | 
[  88% ] update_scripts_classes | 
[  88% ] update_scripts_classes | 
[  88% ] update_scripts_classes | 
[  89% ] update_scripts_classes | 
[  89% ] update_scripts_classes | 
[  89% ] update_scripts_classes | 
[  89% ] update_scripts_classes | 
[  89% ] update_scripts_classes | 
[  89% ] update_scripts_classes | 
[  89% ] update_scripts_classes | 
[  89% ] update_scripts_classes | 
[  89% ] update_scripts_classes | 
[  89% ] update_scripts_classes | 
[  89% ] update_scripts_classes | 
[  89% ] update_scripts_classes | 
[  89% ] update_scripts_classes | 
[  89% ] update_scripts_classes | 
[  89% ] update_scripts_classes | 
[  89% ] update_scripts_classes | 
[  89% ] update_scripts_classes | 
[  89% ] update_scripts_classes | 
[  90% ] update_scripts_classes | 
[  90% ] update_scripts_classes | 
[  90% ] update_scripts_classes | 
[  90% ] update_scripts_classes | 
[  90% ] update_scripts_classes | 
[  90% ] update_scripts_classes | 
[  90% ] update_scripts_classes | 
[  90% ] update_scripts_classes | 
[  90% ] update_scripts_classes | 
[  90% ] update_scripts_classes | 
[  90% ] update_scripts_classes | 
[  90% ] update_scripts_classes | 
[  90% ] update_scripts_classes | 
[  90% ] update_scripts_classes | 
[  90% ] update_scripts_classes | 
[  90% ] update_scripts_classes | 
[  90% ] update_scripts_classes | 
[  91% ] update_scripts_classes | 
[  91% ] update_scripts_classes | 
[  91% ] update_scripts_classes | 
[  91% ] update_scripts_classes | 
[  91% ] update_scripts_classes | 
[  91% ] update_scripts_classes | 
[  91% ] update_scripts_classes | 
[  91% ] update_scripts_classes | 
[  91% ] update_scripts_classes | 
[  91% ] update_scripts_classes | 
[  91% ] update_scripts_classes | 
[  91% ] update_scripts_classes | 
[  91% ] update_scripts_classes | 
[  91% ] update_scripts_classes | 
[  91% ] update_scripts_classes | 
[  91% ] update_scripts_classes | 
[  91% ] update_scripts_classes | 
[  91% ] update_scripts_classes | 
[  92% ] update_scripts_classes | 
[  92% ] update_scripts_classes | 
[  92% ] update_scripts_classes | 
[  92% ] update_scripts_classes | 
[  92% ] update_scripts_classes | 
[  92% ] update_scripts_classes | 
[  92% ] update_scripts_classes | 
[  92% ] update_scripts_classes | 
[  92% ] update_scripts_classes | 
[  92% ] update_scripts_classes | 
[  92% ] update_scripts_classes | 
[  92% ] update_scripts_classes | 
[  92% ] update_scripts_classes | 
[  92% ] update_scripts_classes | 
[  92% ] update_scripts_classes | 
[  92% ] update_scripts_classes | 
[  92% ] update_scripts_classes | 
[  93% ] update_scripts_classes | 
[  93% ] update_scripts_classes | 
[  93% ] update_scripts_classes | 
[  93% ] update_scripts_classes | 
[  93% ] update_scripts_classes | 
[  93% ] update_scripts_classes | 
[  93% ] update_scripts_classes | 
[  93% ] update_scripts_classes | 
[  93% ] update_scripts_classes | 
[  93% ] update_scripts_classes | 
[  93% ] update_scripts_classes | 
[  93% ] update_scripts_classes | 
[  93% ] update_scripts_classes | 
[  93% ] update_scripts_classes | 
[  93% ] update_scripts_classes | 
[  93% ] update_scripts_classes | 
[  93% ] update_scripts_classes | 
[  93% ] update_scripts_classes | 
[  94% ] update_scripts_classes | 
[  94% ] update_scripts_classes | 
[  94% ] update_scripts_classes | 
[  94% ] update_scripts_classes | 
[  94% ] update_scripts_classes | 
[  94% ] update_scripts_classes | 
[  94% ] update_scripts_classes | 
[  94% ] update_scripts_classes | 
[  94% ] update_scripts_classes | 
[  94% ] update_scripts_classes | 
[  94% ] update_scripts_classes | 
[  94% ] update_scripts_classes | 
[  94% ] update_scripts_classes | 
[  94% ] update_scripts_classes | 
[  94% ] update_scripts_classes | 
[  94% ] update_scripts_classes | 
[  94% ] update_scripts_classes | 
[  95% ] update_scripts_classes | 
[  95% ] update_scripts_classes | 
[  95% ] update_scripts_classes | 
[  95% ] update_scripts_classes | 
[  95% ] update_scripts_classes | 
[  95% ] update_scripts_classes | 
[  95% ] update_scripts_classes | 
[  95% ] update_scripts_classes | 
[  95% ] update_scripts_classes | 
[  95% ] update_scripts_classes | 
[  95% ] update_scripts_classes | 
[  95% ] update_scripts_classes | 
[  95% ] update_scripts_classes | 
[  95% ] update_scripts_classes | 
[  95% ] update_scripts_classes | 
[  95% ] update_scripts_classes | 
[  95% ] update_scripts_classes | 
[  95% ] update_scripts_classes | 
[  96% ] update_scripts_classes | 
[  96% ] update_scripts_classes | 
[  96% ] update_scripts_classes | 
[  96% ] update_scripts_classes | 
[  96% ] update_scripts_classes | 
[  96% ] update_scripts_classes | 
[  96% ] update_scripts_classes | 
[  96% ] update_scripts_classes | 
[  96% ] update_scripts_classes | 
[  96% ] update_scripts_classes | 
[  96% ] update_scripts_classes | 
[  96% ] update_scripts_classes | 
[  96% ] update_scripts_classes | 
[  96% ] update_scripts_classes | 
[  96% ] update_scripts_classes | 
[  96% ] update_scripts_classes | 
[  96% ] update_scripts_classes | 
[  97% ] update_scripts_classes | 
[  97% ] update_scripts_classes | 
[  97% ] update_scripts_classes | 
[  97% ] update_scripts_classes | 
[  97% ] update_scripts_classes | 
[  97% ] update_scripts_classes | 
[  97% ] update_scripts_classes | 
[  97% ] update_scripts_classes | 
[  97% ] update_scripts_classes | 
[  97% ] update_scripts_classes | 
[  97% ] update_scripts_classes | 
[  97% ] update_scripts_classes | 
[  97% ] update_scripts_classes | 
[  97% ] update_scripts_classes | 
[  97% ] update_scripts_classes | 
[  97% ] update_scripts_classes | 
[  97% ] update_scripts_classes | 
[  97% ] update_scripts_classes | 
[  98% ] update_scripts_classes | 
[  98% ] update_scripts_classes | 
[  98% ] update_scripts_classes | 
[  98% ] update_scripts_classes | 
[  98% ] update_scripts_classes | 
[  98% ] update_scripts_classes | 
[  98% ] update_scripts_classes | 
[  98% ] update_scripts_classes | 
[  98% ] update_scripts_classes | 
[  98% ] update_scripts_classes | 
[  98% ] update_scripts_classes | 
[  98% ] update_scripts_classes | 
[  98% ] update_scripts_classes | 
[  98% ] update_scripts_classes | 
[  98% ] update_scripts_classes | 
[  98% ] update_scripts_classes | 
[  98% ] update_scripts_classes | 
[  99% ] update_scripts_classes | 
[  99% ] update_scripts_classes | 
[  99% ] update_scripts_classes | 
[  99% ] update_scripts_classes | 
[  99% ] update_scripts_classes | 
[  99% ] update_scripts_classes | 
[  99% ] update_scripts_classes | 
[  99% ] update_scripts_classes | 
[  99% ] update_scripts_classes | 
[  99% ] update_scripts_classes | 
[  99% ] update_scripts_classes | 
[  99% ] update_scripts_classes | 
[  99% ] update_scripts_classes | 
[  99% ] update_scripts_classes | 
[  99% ] update_scripts_classes | 
[  99% ] update_scripts_classes | 
[ DONE ] update_scripts_classes

[   0% ] _update_scan_actions | Started Сканирование действий… (13 steps)
[   0% ] _update_scan_actions | icon.png
[   7% ] _update_scan_actions | regolith_global_albedo.png
[  14% ] _update_scan_actions | regolith_global_normal.png
[  21% ] _update_scan_actions | regolith_global_roughness.png
[  28% ] _update_scan_actions | regolith_mid_albedo.png
[  35% ] _update_scan_actions | regolith_mid_normal.png
[  42% ] _update_scan_actions | regolith_mid_roughness.png
[  50% ] _update_scan_actions | regolith_near_albedo.png
[  57% ] _update_scan_actions | regolith_near_normal.png
[  64% ] _update_scan_actions | regolith_near_roughness.png
[  71% ] _update_scan_actions | rock_surface_albedo.png
[  78% ] _update_scan_actions | rock_surface_normal.png
[  85% ] _update_scan_actions | rock_surface_roughness.png
[ DONE ] _update_scan_actions

[   0% ] reimport | Started Импорт или повторный импорт ассетов (13 steps)
[   0% ] reimport | Подготовка файлов к повторному импорту…
[   7% ] reimport | Подготовка файлов к повторному импорту…
[  14% ] reimport | Подготовка файлов к повторному импорту…
[  21% ] reimport | Подготовка файлов к повторному импорту…
[  28% ] reimport | Подготовка файлов к повторному импорту…
[  35% ] reimport | Подготовка файлов к повторному импорту…
[  42% ] reimport | Подготовка файлов к повторному импорту…
[  50% ] reimport | Подготовка файлов к повторному импорту…
[  57% ] reimport | Подготовка файлов к повторному импорту…
[  64% ] reimport | Подготовка файлов к повторному импорту…
[  71% ] reimport | Подготовка файлов к повторному импорту…
[  78% ] reimport | Подготовка файлов к повторному импорту…
[  85% ] reimport | Подготовка файлов к повторному импорту…
[   0% ] reimport | Выполнение предимпортных операций…
[   0% ] reimport | icon.png
[   7% ] reimport | regolith_global_albedo.png
[  14% ] reimport | regolith_global_normal.png
[  21% ] reimport | regolith_global_roughness.png
[  28% ] reimport | regolith_mid_albedo.png
[  35% ] reimport | regolith_mid_normal.png
[  42% ] reimport | regolith_mid_roughness.png
[  50% ] reimport | regolith_near_albedo.png
[  57% ] reimport | regolith_near_normal.png
[  64% ] reimport | regolith_near_roughness.png
[  71% ] reimport | rock_surface_albedo.png
[  78% ] reimport | rock_surface_normal.png
[  85% ] reimport | rock_surface_roughness.png
[  92% ] reimport | Завершение импорта активов…
[ DONE ] reimport

[   0% ] reimport | Started Импорт или повторный импорт ассетов (13 steps)
[   0% ] reimport | Выполнение операций после реимпорта…
[ DONE ] reimport

[   0% ] loading_editor_layout | Started Загрузка редактора (5 steps)
[   0% ] loading_editor_layout | Загрузка макета редактора…
[  16% ] loading_editor_layout | Загрузка док-панели…
[ DONE ] loading_editor_layout

[breakpoint_mcp] plugin disabled
