test_consumer_identity_drift (test_mvp6_postmerge_directional_clearance.MVP6PostmergeClearanceTests.test_consumer_identity_drift) ... ok
test_critical_set_added_or_removed_is_rejected (test_mvp6_postmerge_directional_clearance.MVP6PostmergeClearanceTests.test_critical_set_added_or_removed_is_rejected) ... ok
test_current_producer_blob_drift_each_path (test_mvp6_postmerge_directional_clearance.MVP6PostmergeClearanceTests.test_current_producer_blob_drift_each_path) ... ok
test_historical_records_unchanged_and_one_new_record (test_mvp6_postmerge_directional_clearance.MVP6PostmergeClearanceTests.test_historical_records_unchanged_and_one_new_record) ... ok
test_incomplete_producer_blob_fence_rejected (test_mvp6_postmerge_directional_clearance.MVP6PostmergeClearanceTests.test_incomplete_producer_blob_fence_rejected) ... ok
test_malformed_main_ancestor_fails_closed (test_mvp6_postmerge_directional_clearance.MVP6PostmergeClearanceTests.test_malformed_main_ancestor_fails_closed) ... ok
test_malformed_main_blob_fence_fails_closed (test_mvp6_postmerge_directional_clearance.MVP6PostmergeClearanceTests.test_malformed_main_blob_fence_fails_closed) ... ok
test_missing_evidence_or_unaccepted_decision (test_mvp6_postmerge_directional_clearance.MVP6PostmergeClearanceTests.test_missing_evidence_or_unaccepted_decision) ... ok
test_missing_main_ancestor_fails_closed (test_mvp6_postmerge_directional_clearance.MVP6PostmergeClearanceTests.test_missing_main_ancestor_fails_closed) ... ok
test_missing_main_journal_rejected (test_mvp6_postmerge_directional_clearance.MVP6PostmergeClearanceTests.test_missing_main_journal_rejected) ... ok
test_missing_or_empty_main_blob_fence_fails_closed (test_mvp6_postmerge_directional_clearance.MVP6PostmergeClearanceTests.test_missing_or_empty_main_blob_fence_fails_closed) ... ok
test_other_producer_or_consumer_branch_never_inherits_clearance (test_mvp6_postmerge_directional_clearance.MVP6PostmergeClearanceTests.test_other_producer_or_consumer_branch_never_inherits_clearance) ... ok
test_prerequisite_commit_must_contain_bound_journal (test_mvp6_postmerge_directional_clearance.MVP6PostmergeClearanceTests.test_prerequisite_commit_must_contain_bound_journal) ... ok
test_real_merged_main_and_exact_live_dependencies_pass (test_mvp6_postmerge_directional_clearance.MVP6PostmergeClearanceTests.test_real_merged_main_and_exact_live_dependencies_pass) ... ok
test_reverted_main_journal_rejected_even_with_merge_ancestry (test_mvp6_postmerge_directional_clearance.MVP6PostmergeClearanceTests.test_reverted_main_journal_rejected_even_with_merge_ancestry) ... ok
test_reviewed_producer_blob_drift_each_path (test_mvp6_postmerge_directional_clearance.MVP6PostmergeClearanceTests.test_reviewed_producer_blob_drift_each_path) ... ok
test_reviewed_producer_must_remain_ancestor (test_mvp6_postmerge_directional_clearance.MVP6PostmergeClearanceTests.test_reviewed_producer_must_remain_ancestor) ... ok
test_unmerged_pr643_cannot_satisfy_the_actual_pr646_prerequisite (test_mvp6_postmerge_directional_clearance.MVP6PostmergeClearanceTests.test_unmerged_pr643_cannot_satisfy_the_actual_pr646_prerequisite) ... ok
test_watched_set_added_or_removed_is_rejected (test_mvp6_postmerge_directional_clearance.MVP6PostmergeClearanceTests.test_watched_set_added_or_removed_is_rejected) ... ok

----------------------------------------------------------------------
Ran 19 tests in 0.077s

OK
