# focused autonomy suites (runtime + policy + guards)
test_current_policy_rejects_legacy_flag_only (test_harness_autonomy_runtime.AutonomousRuntimeRoutingTests.test_current_policy_rejects_legacy_flag_only) ... ok
test_current_policy_rejects_synthetic_proof_without_committed_provenance (test_harness_autonomy_runtime.AutonomousRuntimeRoutingTests.test_current_policy_rejects_synthetic_proof_without_committed_provenance) ... ok
test_current_policy_requires_every_declared_proof_clause (test_harness_autonomy_runtime.AutonomousRuntimeRoutingTests.test_current_policy_requires_every_declared_proof_clause) ... ok
test_unknown_policy_requirement_fails_closed (test_harness_autonomy_runtime.AutonomousRuntimeRoutingTests.test_unknown_policy_requirement_fails_closed) ... ok

----------------------------------------------------------------------
Ran 4 tests in 0.001s

OK
test_doctrine_preserves_human_and_acceptance_gates (test_harness_autonomous_execution_policy.AutonomousExecutionPolicyTests.test_doctrine_preserves_human_and_acceptance_gates) ... ok
test_executor_fallback_ladder_prefers_available_project_owned_execution (test_harness_autonomous_execution_policy.AutonomousExecutionPolicyTests.test_executor_fallback_ladder_prefers_available_project_owned_execution) ... ok
test_independent_verdict_does_not_require_separate_cloud_vm_by_default (test_harness_autonomous_execution_policy.AutonomousExecutionPolicyTests.test_independent_verdict_does_not_require_separate_cloud_vm_by_default) ... ok
test_reused_machine_evidence_requires_hash_bound_manifest (test_harness_autonomous_execution_policy.AutonomousExecutionPolicyTests.test_reused_machine_evidence_requires_hash_bound_manifest) ... ok
test_self_execution_is_default_and_preferred_vm_is_optional (test_harness_autonomous_execution_policy.AutonomousExecutionPolicyTests.test_self_execution_is_default_and_preferred_vm_is_optional) ... ok

----------------------------------------------------------------------
Ran 5 tests in 0.006s

OK
test_bounded_durable_slice_contract (test_session_stall_guard.SessionStallGuardTests.test_bounded_durable_slice_contract) ... ok
test_retry_loop_must_switch_strategy (test_session_stall_guard.SessionStallGuardTests.test_retry_loop_must_switch_strategy) ... ok
test_wait_and_workspace_loss_are_fail_forward (test_session_stall_guard.SessionStallGuardTests.test_wait_and_workspace_loss_are_fail_forward) ... ok

----------------------------------------------------------------------
Ran 3 tests in 0.000s

OK
test_exact_predecessor_reuse_is_identity_bound (test_large_scale_campaign_guard.LargeScaleCampaignGuardTests.test_exact_predecessor_reuse_is_identity_bound) ... ok
test_scale_cases_are_durable_predicates (test_large_scale_campaign_guard.LargeScaleCampaignGuardTests.test_scale_cases_are_durable_predicates) ... ok
test_timeout_never_reduces_required_scale (test_large_scale_campaign_guard.LargeScaleCampaignGuardTests.test_timeout_never_reduces_required_scale) ... ok

----------------------------------------------------------------------
Ran 3 tests in 0.001s

OK
