test_contract_integrity_rejects_missing_actions_transport_guard (test_git_transport_policy.GitTransportPolicyTests.test_contract_integrity_rejects_missing_actions_transport_guard) ... ok
test_contract_integrity_rejects_transport_policy_weakening (test_git_transport_policy.GitTransportPolicyTests.test_contract_integrity_rejects_transport_policy_weakening) ... ok
test_github_actions_is_validation_evidence_only (test_git_transport_policy.GitTransportPolicyTests.test_github_actions_is_validation_evidence_only) ... ok
test_generation_80_lease_blocks_a_new_h0_2_mutation_dispatch (test_h0_2_machine_checkpoint_contract.H02MachineCheckpointContractTests.test_generation_80_lease_blocks_a_new_h0_2_mutation_dispatch) ... ok
test_goal_graph_routes_network_train_through_h0_2 (test_h0_2_machine_checkpoint_contract.H02MachineCheckpointContractTests.test_goal_graph_routes_network_train_through_h0_2) ... ok
test_h0_2_checkpoint_exists_and_has_distinct_success_state (test_h0_2_machine_checkpoint_contract.H02MachineCheckpointContractTests.test_h0_2_checkpoint_exists_and_has_distinct_success_state) ... ok
test_h0_2_is_bound_to_canonical_r3_and_post_r3_pc0 (test_h0_2_machine_checkpoint_contract.H02MachineCheckpointContractTests.test_h0_2_is_bound_to_canonical_r3_and_post_r3_pc0) ... ok
test_h0_2_requires_high_risk_runtime_and_dependency_evidence (test_h0_2_machine_checkpoint_contract.H02MachineCheckpointContractTests.test_h0_2_requires_high_risk_runtime_and_dependency_evidence) ... ok
test_implemented_h0_2_is_verification_only_and_consumes_no_mutation_worker (test_h0_2_machine_checkpoint_contract.H02MachineCheckpointContractTests.test_implemented_h0_2_is_verification_only_and_consumes_no_mutation_worker) ... ok
test_planner_allows_control_only_planning_branch_but_forbids_runtime_mutation_before_dispatch (test_h0_2_machine_checkpoint_contract.H02MachineCheckpointContractTests.test_planner_allows_control_only_planning_branch_but_forbids_runtime_mutation_before_dispatch) ... ok
test_scheduler_selects_h0_2_but_keeps_single_worker_ceiling (test_h0_2_machine_checkpoint_contract.H02MachineCheckpointContractTests.test_scheduler_selects_h0_2_but_keeps_single_worker_ceiling) ... ok
test_canonical_contracts_and_r8_instances_validate (test_h0_control_harness.H01R8ClosedLoopControlTests.test_canonical_contracts_and_r8_instances_validate) ... ok
test_current_generation_rejects_historical_r8_as_live_authority (test_h0_control_harness.H01R8ClosedLoopControlTests.test_current_generation_rejects_historical_r8_as_live_authority) ... ok
test_dispatch_simulation_authorizes_exactly_one_worker (test_h0_control_harness.H01R8ClosedLoopControlTests.test_dispatch_simulation_authorizes_exactly_one_worker) ... ok
test_epoch_validator_requires_audit_after_main_move (test_h0_control_harness.H01R8ClosedLoopControlTests.test_epoch_validator_requires_audit_after_main_move) ... ok
test_h0_0_checkpoint_remains_historical_terminal (test_h0_control_harness.H01R8ClosedLoopControlTests.test_h0_0_checkpoint_remains_historical_terminal) ... ok
test_historical_r8_diff_stays_inside_its_declared_scope (test_h0_control_harness.H01R8ClosedLoopControlTests.test_historical_r8_diff_stays_inside_its_declared_scope) ... ok
test_historical_state_replays_r8_without_selecting_current_authority (test_h0_control_harness.H01R8ClosedLoopControlTests.test_historical_state_replays_r8_without_selecting_current_authority) ... ok
test_implementation_freshness_scope_covers_runtime_without_self_staling_evidence (test_h0_control_harness.H01R8ClosedLoopControlTests.test_implementation_freshness_scope_covers_runtime_without_self_staling_evidence) ... ok
test_launcher_uses_current_machine_selector_not_historical_r8 (test_h0_control_harness.H01R8ClosedLoopControlTests.test_launcher_uses_current_machine_selector_not_historical_r8) ... ok
test_ledger_rebuilds_and_snapshot_matches (test_h0_control_harness.H01R8ClosedLoopControlTests.test_ledger_rebuilds_and_snapshot_matches) ... ok
test_plan_never_exceeds_one_runtime_worker (test_h0_control_harness.H01R8ClosedLoopControlTests.test_plan_never_exceeds_one_runtime_worker) ... ok
test_previous_attempts_are_not_selected_authority (test_h0_control_harness.H01R8ClosedLoopControlTests.test_previous_attempts_are_not_selected_authority) ... ok
test_registry_generation_identity_fail_closed (test_h0_control_harness.H01R8ClosedLoopControlTests.test_registry_generation_identity_fail_closed) ... ok
test_work_order_scope_is_bounded_and_includes_harness (test_h0_control_harness.H01R8ClosedLoopControlTests.test_work_order_scope_is_bounded_and_includes_harness) ... ok
test_doctrine_preserves_human_and_acceptance_gates (test_harness_autonomous_execution_policy.AutonomousExecutionPolicyTests.test_doctrine_preserves_human_and_acceptance_gates) ... ok
test_executor_fallback_ladder_prefers_available_project_owned_execution (test_harness_autonomous_execution_policy.AutonomousExecutionPolicyTests.test_executor_fallback_ladder_prefers_available_project_owned_execution) ... ok
test_independent_verdict_does_not_require_separate_cloud_vm_by_default (test_harness_autonomous_execution_policy.AutonomousExecutionPolicyTests.test_independent_verdict_does_not_require_separate_cloud_vm_by_default) ... ok
test_reused_machine_evidence_requires_hash_bound_manifest (test_harness_autonomous_execution_policy.AutonomousExecutionPolicyTests.test_reused_machine_evidence_requires_hash_bound_manifest) ... ok
test_self_execution_is_default_and_preferred_vm_is_optional (test_harness_autonomous_execution_policy.AutonomousExecutionPolicyTests.test_self_execution_is_default_and_preferred_vm_is_optional) ... ok
test_current_policy_rejects_legacy_flag_only (test_harness_autonomy_runtime.AutonomousRuntimeRoutingTests.test_current_policy_rejects_legacy_flag_only) ... ok
test_current_policy_rejects_synthetic_proof_without_committed_provenance (test_harness_autonomy_runtime.AutonomousRuntimeRoutingTests.test_current_policy_rejects_synthetic_proof_without_committed_provenance) ... ok
test_current_policy_requires_every_declared_proof_clause (test_harness_autonomy_runtime.AutonomousRuntimeRoutingTests.test_current_policy_requires_every_declared_proof_clause) ... ok
test_unknown_policy_requirement_fails_closed (test_harness_autonomy_runtime.AutonomousRuntimeRoutingTests.test_unknown_policy_requirement_fails_closed) ... ok
test_acceptance_is_read_from_canonical_main_ref (test_harness_checkpoint_session.CanonicalAcceptanceTests.test_acceptance_is_read_from_canonical_main_ref) ... ok
test_automatable_fix_required_cannot_close_role_or_mission (test_harness_checkpoint_session.CheckpointSessionContinuationTests.test_automatable_fix_required_cannot_close_role_or_mission) ... ok
test_blocked_state_alone_is_not_a_terminal (test_harness_checkpoint_session.CheckpointSessionContinuationTests.test_blocked_state_alone_is_not_a_terminal) ... ok
test_canonical_acceptance_is_the_only_success_terminal (test_harness_checkpoint_session.CheckpointSessionContinuationTests.test_canonical_acceptance_is_the_only_success_terminal) ... ok
test_checkpoint_proposed_without_acceptance_remains_open (test_harness_checkpoint_session.CheckpointSessionContinuationTests.test_checkpoint_proposed_without_acceptance_remains_open) ... ok
test_declared_mission_metadata_survives_role_rotation (test_harness_checkpoint_session.CheckpointSessionContinuationTests.test_declared_mission_metadata_survives_role_rotation) ... ok
test_explicit_implementer_validation_incomplete_stays_with_implementer (test_harness_checkpoint_session.CheckpointSessionContinuationTests.test_explicit_implementer_validation_incomplete_stays_with_implementer) ... ok
test_generic_checkpoint_predicates_do_not_deadlock_implemented_role (test_harness_checkpoint_session.CheckpointSessionContinuationTests.test_generic_checkpoint_predicates_do_not_deadlock_implemented_role) ... ok
test_planned_checkpoint_work_cannot_end_session (test_harness_checkpoint_session.CheckpointSessionContinuationTests.test_planned_checkpoint_work_cannot_end_session) ... ok
test_proven_non_automatable_block_is_a_terminal (test_harness_checkpoint_session.CheckpointSessionContinuationTests.test_proven_non_automatable_block_is_a_terminal) ... ok
test_repeated_defect_takeover_rotates_role_not_mission (test_harness_checkpoint_session.CheckpointSessionContinuationTests.test_repeated_defect_takeover_rotates_role_not_mission) ... ok
test_review_fail_routes_repair_without_closing_parent_session (test_harness_checkpoint_session.CheckpointSessionContinuationTests.test_review_fail_routes_repair_without_closing_parent_session) ... ok
test_role_boundary_never_closes_checkpoint_mission (test_harness_checkpoint_session.CheckpointSessionContinuationTests.test_role_boundary_never_closes_checkpoint_mission) ... ok
test_role_boundary_property_never_authorizes_parent_session_exit (test_harness_checkpoint_session.CheckpointSessionContinuationTests.test_role_boundary_property_never_authorizes_parent_session_exit) ... ok
test_waiting_human_is_a_valid_session_terminal (test_harness_checkpoint_session.CheckpointSessionContinuationTests.test_waiting_human_is_a_valid_session_terminal) ... ok
test_agent_router_forbids_routine_git_permission_reprompt (test_harness_checkpoint_session.ContractRegressionTests.test_agent_router_forbids_routine_git_permission_reprompt) ... ok
test_continuation_revision_is_bound_from_harness_policy (test_harness_checkpoint_session.ContractRegressionTests.test_continuation_revision_is_bound_from_harness_policy) ... ok
test_default_git_authority_is_pre_authorized_through_a3 (test_harness_checkpoint_session.ContractRegressionTests.test_default_git_authority_is_pre_authorized_through_a3) ... ok
test_r5_json_contracts_are_valid_draft_2020_12_schemas (test_harness_checkpoint_session.ContractRegressionTests.test_r5_json_contracts_are_valid_draft_2020_12_schemas) ... ok
test_work_order_mission_extension_is_optional_and_fail_closed (test_harness_checkpoint_session.ContractRegressionTests.test_work_order_mission_extension_is_optional_and_fail_closed) ... ok
test_latest_execution_for_checkpoint_is_selected_without_hardcoded_path (test_harness_checkpoint_session.ExecutionSelectorTests.test_latest_execution_for_checkpoint_is_selected_without_hardcoded_path) ... ok
test_scheduler_product_checkpoint_is_the_default (test_harness_checkpoint_session.ExecutionSelectorTests.test_scheduler_product_checkpoint_is_the_default) ... ok
test_artifact_from_other_run_is_rejected (test_harness_evidence_provenance.EvidenceProvenanceTests.test_artifact_from_other_run_is_rejected) ... ok
test_artifact_wrong_digest_is_rejected (test_harness_evidence_provenance.EvidenceProvenanceTests.test_artifact_wrong_digest_is_rejected) ... ok
test_checkpoint_event_guard_rejects_same_digest_free_pass (test_harness_evidence_provenance.EvidenceProvenanceTests.test_checkpoint_event_guard_rejects_same_digest_free_pass) ... ok
test_dirty_current_policy_cannot_select_legacy_hard_block (test_harness_evidence_provenance.EvidenceProvenanceTests.test_dirty_current_policy_cannot_select_legacy_hard_block) ... ok
test_dirty_epoch_registry_downgrade_cannot_enter_legacy_drive (test_harness_evidence_provenance.EvidenceProvenanceTests.test_dirty_epoch_registry_downgrade_cannot_enter_legacy_drive) ... ok
test_forged_guard_context_cannot_downgrade_committed_generation (test_harness_evidence_provenance.EvidenceProvenanceTests.test_forged_guard_context_cannot_downgrade_committed_generation) ... ok
test_fresh_execution_label_cannot_bypass_evidence (test_harness_evidence_provenance.EvidenceProvenanceTests.test_fresh_execution_label_cannot_bypass_evidence) ... ok
test_historical_review_contract_is_preserved (test_harness_evidence_provenance.EvidenceProvenanceTests.test_historical_review_contract_is_preserved) ... ok
test_main_move_routes_epoch_recovery_instead_of_old_hard_block (test_harness_evidence_provenance.EvidenceProvenanceTests.test_main_move_routes_epoch_recovery_instead_of_old_hard_block) ... ok
test_manifest_wrong_tree_is_rejected (test_harness_evidence_provenance.EvidenceProvenanceTests.test_manifest_wrong_tree_is_rejected) ... ok
test_missing_and_untracked_proof_cannot_close_mission (test_harness_evidence_provenance.EvidenceProvenanceTests.test_missing_and_untracked_proof_cannot_close_mission) ... ok
test_missing_artifact_digest_is_rejected (test_harness_evidence_provenance.EvidenceProvenanceTests.test_missing_artifact_digest_is_rejected) ... ok
test_missing_binding_digest_or_artifact_cannot_reuse (test_harness_evidence_provenance.EvidenceProvenanceTests.test_missing_binding_digest_or_artifact_cannot_reuse) ... ok
test_modified_artifact_is_not_trusted (test_harness_evidence_provenance.EvidenceProvenanceTests.test_modified_artifact_is_not_trusted) ... ok
test_modified_or_rewritten_proof_cannot_close_mission (test_harness_evidence_provenance.EvidenceProvenanceTests.test_modified_or_rewritten_proof_cannot_close_mission) ... ok
test_path_traversal_and_symbolic_link_are_rejected (test_harness_evidence_provenance.EvidenceProvenanceTests.test_path_traversal_and_symbolic_link_are_rejected) ... skipped "OS does not permit fixture symlinks: [WinError 1314] Клиент не обладает требуемыми правами: 'C:\\\\Users\\\\root\\\\AppData\\\\Local\\\\Temp\\\\dws-provenance-prfv77wf\\\\fixture_impl.txt' -> 'C:\\\\Users\\\\root\\\\AppData\\\\Local\\\\Temp\\\\dws-provenance-prfv77wf\\\\linked.json'"
test_prebuild_review_cannot_authorize_checkpoint_proposal (test_harness_evidence_provenance.EvidenceProvenanceTests.test_prebuild_review_cannot_authorize_checkpoint_proposal) ... ok
test_real_drive_and_close_mission_accept_committed_proof (test_harness_evidence_provenance.EvidenceProvenanceTests.test_real_drive_and_close_mission_accept_committed_proof) ... ok
test_real_loader_downgrades_digest_free_pass_without_rewriting_it (test_harness_evidence_provenance.EvidenceProvenanceTests.test_real_loader_downgrades_digest_free_pass_without_rewriting_it) ... ok
test_untracked_review_is_not_authoritative (test_harness_evidence_provenance.EvidenceProvenanceTests.test_untracked_review_is_not_authoritative) ... ok
test_valid_exact_manifest_satisfies_loader (test_harness_evidence_provenance.EvidenceProvenanceTests.test_valid_exact_manifest_satisfies_loader) ... ok
test_wrong_event_binding_fails_closed (test_harness_evidence_provenance.EvidenceProvenanceTests.test_wrong_event_binding_fails_closed) ... ok
test_wrong_head_tree_binding_fails_closed (test_harness_evidence_provenance.EvidenceProvenanceTests.test_wrong_head_tree_binding_fails_closed) ... ok
test_wrong_work_order_binding_fails_closed (test_harness_evidence_provenance.EvidenceProvenanceTests.test_wrong_work_order_binding_fails_closed) ... ok
test_exact_predecessor_reuse_is_identity_bound (test_large_scale_campaign_guard.LargeScaleCampaignGuardTests.test_exact_predecessor_reuse_is_identity_bound) ... ok
test_scale_cases_are_durable_predicates (test_large_scale_campaign_guard.LargeScaleCampaignGuardTests.test_scale_cases_are_durable_predicates) ... ok
test_timeout_never_reduces_required_scale (test_large_scale_campaign_guard.LargeScaleCampaignGuardTests.test_timeout_never_reduces_required_scale) ... ok
test_a_exact_canonical_match_still_succeeds (test_project_control_architecture_compatibility.ProjectControlArchitectureCompatibilityTests.test_a_exact_canonical_match_still_succeeds) ... ok
test_aa_alter_only_g_passport_blob_restores_red (test_project_control_architecture_compatibility.ProjectControlArchitectureCompatibilityTests.test_aa_alter_only_g_passport_blob_restores_red) ... ok
test_b_mismatch_without_compatibility_policy_fails_closed (test_project_control_architecture_compatibility.ProjectControlArchitectureCompatibilityTests.test_b_mismatch_without_compatibility_policy_fails_closed) ... ok
test_c_missing_central_registry_field_fails_closed (test_project_control_architecture_compatibility.ProjectControlArchitectureCompatibilityTests.test_c_missing_central_registry_field_fails_closed) ... ok
test_d_empty_central_registry_field_fails_closed (test_project_control_architecture_compatibility.ProjectControlArchitectureCompatibilityTests.test_d_empty_central_registry_field_fails_closed) ... ok
test_e_wrong_or_non_string_central_registry_field_fails_closed (test_project_control_architecture_compatibility.ProjectControlArchitectureCompatibilityTests.test_e_wrong_or_non_string_central_registry_field_fails_closed) ... ok
test_f_missing_historical_identity_registry_field_fails_closed (test_project_control_architecture_compatibility.ProjectControlArchitectureCompatibilityTests.test_f_missing_historical_identity_registry_field_fails_closed) ... ok
test_g_wrong_or_non_string_identity_field_literal_fails_closed (test_project_control_architecture_compatibility.ProjectControlArchitectureCompatibilityTests.test_g_wrong_or_non_string_identity_field_literal_fails_closed) ... ok
test_h_revision_allowlist_without_identity_list_fails_closed (test_project_control_architecture_compatibility.ProjectControlArchitectureCompatibilityTests.test_h_revision_allowlist_without_identity_list_fails_closed) ... ok
test_i_revision_allowlist_plus_exact_immutable_identity_succeeds (test_project_control_architecture_compatibility.ProjectControlArchitectureCompatibilityTests.test_i_revision_allowlist_plus_exact_immutable_identity_succeeds) ... ok
test_j_wrong_program_identity_fails_closed (test_project_control_architecture_compatibility.ProjectControlArchitectureCompatibilityTests.test_j_wrong_program_identity_fails_closed) ... ok
test_k_wrong_branch_identity_fails_closed (test_project_control_architecture_compatibility.ProjectControlArchitectureCompatibilityTests.test_k_wrong_branch_identity_fails_closed) ... ok
test_l_wrong_passport_path_identity_fails_closed (test_project_control_architecture_compatibility.ProjectControlArchitectureCompatibilityTests.test_l_wrong_passport_path_identity_fails_closed) ... ok
test_live_projection_main_owned_input_delegates_to_origin_main_loader (test_project_control_architecture_compatibility.ProjectControlArchitectureCompatibilityTests.test_live_projection_main_owned_input_delegates_to_origin_main_loader) ... ok
test_m_wrong_historical_architecture_revision_identity_fails_closed (test_project_control_architecture_compatibility.ProjectControlArchitectureCompatibilityTests.test_m_wrong_historical_architecture_revision_identity_fails_closed) ... ok
test_n_wrong_pinned_head_fails_closed (test_project_control_architecture_compatibility.ProjectControlArchitectureCompatibilityTests.test_n_wrong_pinned_head_fails_closed) ... ok
test_o_wrong_passport_blob_fails_closed (test_project_control_architecture_compatibility.ProjectControlArchitectureCompatibilityTests.test_o_wrong_passport_blob_fails_closed) ... ok
test_p_malformed_pinned_sha_fails_closed (test_project_control_architecture_compatibility.ProjectControlArchitectureCompatibilityTests.test_p_malformed_pinned_sha_fails_closed) ... ok
test_q_malformed_blob_sha_fails_closed (test_project_control_architecture_compatibility.ProjectControlArchitectureCompatibilityTests.test_q_malformed_blob_sha_fails_closed) ... ok
test_r_malformed_identity_list_or_record_fails_closed (test_project_control_architecture_compatibility.ProjectControlArchitectureCompatibilityTests.test_r_malformed_identity_list_or_record_fails_closed) ... ok
test_s_copied_r2_allowlist_to_different_identity_fails_closed (test_project_control_architecture_compatibility.ProjectControlArchitectureCompatibilityTests.test_s_copied_r2_allowlist_to_different_identity_fails_closed) ... ok
test_t_new_or_refreshed_r2_frontier_with_copied_allowlist_stays_red (test_project_control_architecture_compatibility.ProjectControlArchitectureCompatibilityTests.test_t_new_or_refreshed_r2_frontier_with_copied_allowlist_stays_red) ... ok
test_u_same_historical_branch_moved_after_pinned_identity_fails_closed (test_project_control_architecture_compatibility.ProjectControlArchitectureCompatibilityTests.test_u_same_historical_branch_moved_after_pinned_identity_fails_closed) ... ok
test_v_other_existing_red_finding_remains_red (test_project_control_architecture_compatibility.ProjectControlArchitectureCompatibilityTests.test_v_other_existing_red_finding_remains_red) ... ok
test_w_remaining_existing_yellow_remains_yellow (test_project_control_architecture_compatibility.ProjectControlArchitectureCompatibilityTests.test_w_remaining_existing_yellow_remains_yellow) ... ok
test_x_historical_r2_and_refreshed_r3_passports_use_correct_compatibility_mode (test_project_control_architecture_compatibility.ProjectControlArchitectureCompatibilityTests.test_x_historical_r2_and_refreshed_r3_passports_use_correct_compatibility_mode) ... ok
test_y_remove_g_revision_allowlist_restores_red (test_project_control_architecture_compatibility.ProjectControlArchitectureCompatibilityTests.test_y_remove_g_revision_allowlist_restores_red) ... ok
test_z_alter_only_g_pinned_head_restores_red (test_project_control_architecture_compatibility.ProjectControlArchitectureCompatibilityTests.test_z_alter_only_g_pinned_head_restores_red) ... ok
test_added_or_removed_watched_hit_fails_closed (test_project_control_directional_clearance.DirectionalWatchClearanceTests.test_added_or_removed_watched_hit_fails_closed) ... ok
test_any_reviewed_or_current_watched_blob_drift_fails_closed (test_project_control_directional_clearance.DirectionalWatchClearanceTests.test_any_reviewed_or_current_watched_blob_drift_fails_closed) ... ok
test_consumer_head_or_passport_drift_fails_closed (test_project_control_directional_clearance.DirectionalWatchClearanceTests.test_consumer_head_or_passport_drift_fails_closed) ... ok
test_current_nx_does_not_inherit_historical_nx_to_p4_clearance_for_post_p6_v0 (test_project_control_directional_clearance.DirectionalWatchClearanceTests.test_current_nx_does_not_inherit_historical_nx_to_p4_clearance_for_post_p6_v0) ... ok
test_current_post_p6_v0_does_not_inherit_historical_p4_to_nx_clearance (test_project_control_directional_clearance.DirectionalWatchClearanceTests.test_current_post_p6_v0_does_not_inherit_historical_p4_to_nx_clearance) ... ok
test_decision_and_independent_evidence_ids_are_mandatory (test_project_control_directional_clearance.DirectionalWatchClearanceTests.test_decision_and_independent_evidence_ids_are_mandatory) ... ok
test_historical_nx_to_v0_p4_clearance_replays_on_exact_reviewed_subjects (test_project_control_directional_clearance.DirectionalWatchClearanceTests.test_historical_nx_to_v0_p4_clearance_replays_on_exact_reviewed_subjects) ... ok
test_historical_v0_p4_to_nx_clearance_replays_on_exact_reviewed_subjects (test_project_control_directional_clearance.DirectionalWatchClearanceTests.test_historical_v0_p4_to_nx_clearance_replays_on_exact_reviewed_subjects) ... ok
test_older_historical_clearance_is_retained_but_not_selected_as_p4_h0_2_clearance (test_project_control_directional_clearance.DirectionalWatchClearanceTests.test_older_historical_clearance_is_retained_but_not_selected_as_p4_h0_2_clearance) ... ok
test_reviewed_head_must_remain_producer_ancestor (test_project_control_directional_clearance.DirectionalWatchClearanceTests.test_reviewed_head_must_remain_producer_ancestor) ... ok
test_a_exact (test_project_control_historical_ownership_compatibility.HistoricalOwnershipCompatibilityTests.test_a_exact) ... ok
test_aa_change_one_target_r3_owner_restores_t_red (test_project_control_historical_ownership_compatibility.HistoricalOwnershipCompatibilityTests.test_aa_change_one_target_r3_owner_restores_t_red) ... ok
test_ab_duplicate_transition_restores_t_red (test_project_control_historical_ownership_compatibility.HistoricalOwnershipCompatibilityTests.test_ab_duplicate_transition_restores_t_red) ... ok
test_ac_refreshed_r2_identity_never_activates (test_project_control_historical_ownership_compatibility.HistoricalOwnershipCompatibilityTests.test_ac_refreshed_r2_identity_never_activates) ... ok
test_b_no_list (test_project_control_historical_ownership_compatibility.HistoricalOwnershipCompatibilityTests.test_b_no_list) ... ok
test_c_only_wq (test_project_control_historical_ownership_compatibility.HistoricalOwnershipCompatibilityTests.test_c_only_wq) ... ok
test_d_only_wt (test_project_control_historical_ownership_compatibility.HistoricalOwnershipCompatibilityTests.test_d_only_wt) ... ok
test_e_wrong_hist_owner (test_project_control_historical_ownership_compatibility.HistoricalOwnershipCompatibilityTests.test_e_wrong_hist_owner) ... ok
test_exact_metadata (test_project_control_historical_ownership_compatibility.HistoricalOwnershipCompatibilityTests.test_exact_metadata) ... ok
test_f_wrong_canonical (test_project_control_historical_ownership_compatibility.HistoricalOwnershipCompatibilityTests.test_f_wrong_canonical) ... ok
test_g_wrong_foundation (test_project_control_historical_ownership_compatibility.HistoricalOwnershipCompatibilityTests.test_g_wrong_foundation) ... ok
test_h_wrong_program (test_project_control_historical_ownership_compatibility.HistoricalOwnershipCompatibilityTests.test_h_wrong_program) ... ok
test_i_duplicate (test_project_control_historical_ownership_compatibility.HistoricalOwnershipCompatibilityTests.test_i_duplicate) ... ok
test_j2_wrong_mode_fails_closed (test_project_control_historical_ownership_compatibility.HistoricalOwnershipCompatibilityTests.test_j2_wrong_mode_fails_closed) ... ok
test_j3_malformed_transition_record_fails_closed (test_project_control_historical_ownership_compatibility.HistoricalOwnershipCompatibilityTests.test_j3_malformed_transition_record_fails_closed) ... ok
test_j4_historical_source_path_missing_fails_closed (test_project_control_historical_ownership_compatibility.HistoricalOwnershipCompatibilityTests.test_j4_historical_source_path_missing_fails_closed) ... ok
test_j_missing_policy (test_project_control_historical_ownership_compatibility.HistoricalOwnershipCompatibilityTests.test_j_missing_policy) ... ok
test_k_bad_registry_field (test_project_control_historical_ownership_compatibility.HistoricalOwnershipCompatibilityTests.test_k_bad_registry_field) ... ok
test_l_wrong_source_commit (test_project_control_historical_ownership_compatibility.HistoricalOwnershipCompatibilityTests.test_l_wrong_source_commit) ... ok
test_m_wrong_source_path (test_project_control_historical_ownership_compatibility.HistoricalOwnershipCompatibilityTests.test_m_wrong_source_path) ... ok
test_n_wrong_source_blob (test_project_control_historical_ownership_compatibility.HistoricalOwnershipCompatibilityTests.test_n_wrong_source_blob) ... ok
test_nonlist_malformed (test_project_control_historical_ownership_compatibility.HistoricalOwnershipCompatibilityTests.test_nonlist_malformed) ... ok
test_o_historical_owner_source_mismatch (test_project_control_historical_ownership_compatibility.HistoricalOwnershipCompatibilityTests.test_o_historical_owner_source_mismatch) ... ok
test_p_current_owner_mismatch (test_project_control_historical_ownership_compatibility.HistoricalOwnershipCompatibilityTests.test_p_current_owner_mismatch) ... ok
test_q_arch_identity_absent (test_project_control_historical_ownership_compatibility.HistoricalOwnershipCompatibilityTests.test_q_arch_identity_absent) ... ok
test_r_commit_missing (test_project_control_historical_ownership_compatibility.HistoricalOwnershipCompatibilityTests.test_r_commit_missing) ... ok
test_s_blob_moved (test_project_control_historical_ownership_compatibility.HistoricalOwnershipCompatibilityTests.test_s_blob_moved) ... ok
test_t_other_program (test_project_control_historical_ownership_compatibility.HistoricalOwnershipCompatibilityTests.test_t_other_program) ... ok
test_u_current_canonical_arch_never_activates (test_project_control_historical_ownership_compatibility.HistoricalOwnershipCompatibilityTests.test_u_current_canonical_arch_never_activates) ... ok
test_v_heuristics_irrelevant (test_project_control_historical_ownership_compatibility.HistoricalOwnershipCompatibilityTests.test_v_heuristics_irrelevant) ... ok
test_w_unrelated_conflict (test_project_control_historical_ownership_compatibility.HistoricalOwnershipCompatibilityTests.test_w_unrelated_conflict) ... ok
test_wildcard_malformed (test_project_control_historical_ownership_compatibility.HistoricalOwnershipCompatibilityTests.test_wildcard_malformed) ... ok
test_x_other_red_survives (test_project_control_historical_ownership_compatibility.HistoricalOwnershipCompatibilityTests.test_x_other_red_survives) ... ok
test_y_synthetic_proposed_r3_six_passports_non_red (test_project_control_historical_ownership_compatibility.HistoricalOwnershipCompatibilityTests.test_y_synthetic_proposed_r3_six_passports_non_red) ... ok
test_z_remove_one_transition_restores_t_red (test_project_control_historical_ownership_compatibility.HistoricalOwnershipCompatibilityTests.test_z_remove_one_transition_restores_t_red) ... ok
test_live_proposed_r3_negative_ownership_mutations_fail_closed (test_project_control_proposed_r3_ownership_projection.ProposedR3OwnershipProjectionTests.test_live_proposed_r3_negative_ownership_mutations_fail_closed) ... skipped 'live proposed-R3 projection requires GitHub Actions with all remote refs fetched'
test_live_proposed_r3_standard_and_directional_are_non_red (test_project_control_proposed_r3_ownership_projection.ProposedR3OwnershipProjectionTests.test_live_proposed_r3_standard_and_directional_are_non_red) ... skipped 'live proposed-R3 projection requires GitHub Actions with all remote refs fetched'
test_all_held_modes_require_pinned_dependency (test_project_control_validation.ProjectControlValidationTests.test_all_held_modes_require_pinned_dependency) ... ok
test_boolean_is_not_a_generation (test_project_control_validation.ProjectControlValidationTests.test_boolean_is_not_a_generation) ... ok
test_canonical_contract_integrity_blocks_route (test_project_control_validation.ProjectControlValidationTests.test_canonical_contract_integrity_blocks_route) ... ok
test_canonical_control_ignores_dirty_candidate_override (test_project_control_validation.ProjectControlValidationTests.test_canonical_control_ignores_dirty_candidate_override) ... ok
test_canonical_invalid_schema_blocks_route (test_project_control_validation.ProjectControlValidationTests.test_canonical_invalid_schema_blocks_route) ... ok
test_canonical_lease_generation_mismatch_blocks_route (test_project_control_validation.ProjectControlValidationTests.test_canonical_lease_generation_mismatch_blocks_route) ... ok
test_canonical_product_mirror_blocks_route (test_project_control_validation.ProjectControlValidationTests.test_canonical_product_mirror_blocks_route) ... ok
test_docs_only_commit_keeps_valid_generation (test_project_control_validation.ProjectControlValidationTests.test_docs_only_commit_keeps_valid_generation) ... ok
test_generation_advance_requires_matching_lease (test_project_control_validation.ProjectControlValidationTests.test_generation_advance_requires_matching_lease) ... ok
test_generation_advance_with_matching_lease_is_valid (test_project_control_validation.ProjectControlValidationTests.test_generation_advance_with_matching_lease_is_valid) ... ok
test_generation_rollback_is_invalid (test_project_control_validation.ProjectControlValidationTests.test_generation_rollback_is_invalid) ... ok
test_initial_push_enumerates_current_control_json (test_project_control_validation.ProjectControlValidationTests.test_initial_push_enumerates_current_control_json) ... ok
test_invalid_push_before_fails_closed (test_project_control_validation.ProjectControlValidationTests.test_invalid_push_before_fails_closed) ... ok
test_manual_and_schedule_use_pinned_canonical_main (test_project_control_validation.ProjectControlValidationTests.test_manual_and_schedule_use_pinned_canonical_main) ... ok
test_post_merge_push_checks_generation_against_before (test_project_control_validation.ProjectControlValidationTests.test_post_merge_push_checks_generation_against_before) ... ok
test_post_merge_push_checks_new_duplicate_json (test_project_control_validation.ProjectControlValidationTests.test_post_merge_push_checks_new_duplicate_json) ... ok
test_post_merge_push_checks_new_schema (test_project_control_validation.ProjectControlValidationTests.test_post_merge_push_checks_new_schema) ... ok
test_push_without_before_uses_first_parent (test_project_control_validation.ProjectControlValidationTests.test_push_without_before_uses_first_parent) ... ok
test_registry_change_requires_generation_advance (test_project_control_validation.ProjectControlValidationTests.test_registry_change_requires_generation_advance) ... ok
test_research_local_evidence_failure_does_not_block_product_route (test_project_control_validation.ProjectControlValidationTests.test_research_local_evidence_failure_does_not_block_product_route) ... ok
test_scheduler_change_requires_generation_advance (test_project_control_validation.ProjectControlValidationTests.test_scheduler_change_requires_generation_advance) ... ok
test_valid_hold_routes_without_loading_obsolete_execution (test_project_control_validation.ProjectControlValidationTests.test_valid_hold_routes_without_loading_obsolete_execution) ... ok
test_wrong_dependency_version_is_not_a_successful_route (test_project_control_validation.ProjectControlValidationTests.test_wrong_dependency_version_is_not_a_successful_route) ... ok
test_acceptance_lookup_uses_pinned_main_tree_and_blobs (test_project_overview.ProjectOverviewTests.test_acceptance_lookup_uses_pinned_main_tree_and_blobs) ... ok
test_accepted_p7_can_close_without_accepting_successor (test_project_overview.ProjectOverviewTests.test_accepted_p7_can_close_without_accepting_successor) ... ok
test_candidate_cannot_override_drive_authority (test_project_overview.ProjectOverviewTests.test_candidate_cannot_override_drive_authority) ... ok
test_candidate_overview_never_loads_or_dispatches_execution (test_project_overview.ProjectOverviewTests.test_candidate_overview_never_loads_or_dispatches_execution) ... ok
test_candidate_rejects_changed_or_missing_observed_main (test_project_overview.ProjectOverviewTests.test_candidate_rejects_changed_or_missing_observed_main) ... ok
test_canonical_snapshot_keeps_observed_main_as_historical_provenance (test_project_overview.ProjectOverviewTests.test_canonical_snapshot_keeps_observed_main_as_historical_provenance) ... ok
test_close_role_cannot_use_a_stale_epoch_to_claim_handoff (test_project_overview.ProjectOverviewTests.test_close_role_cannot_use_a_stale_epoch_to_claim_handoff) ... ok
test_missing_acceptance_routes_director_and_forbids_close (test_project_overview.ProjectOverviewTests.test_missing_acceptance_routes_director_and_forbids_close) ... ok
test_research_findings_do_not_become_product_exit_gate (test_project_overview.ProjectOverviewTests.test_research_findings_do_not_become_product_exit_gate) ... ok
test_role_exit_and_mission_exit_flags_are_not_interchangeable (test_project_overview.ProjectOverviewTests.test_role_exit_and_mission_exit_flags_are_not_interchangeable) ... ok
test_role_handoff_is_derived_from_execution_not_parent_acceptance (test_project_overview.ProjectOverviewTests.test_role_handoff_is_derived_from_execution_not_parent_acceptance) ... ok
test_same_holder_cannot_use_old_dispatch_to_ignore_runtime_hold (test_project_overview.ProjectOverviewTests.test_same_holder_cannot_use_old_dispatch_to_ignore_runtime_hold) ... ok
test_bounded_durable_slice_contract (test_session_stall_guard.SessionStallGuardTests.test_bounded_durable_slice_contract) ... ok
test_retry_loop_must_switch_strategy (test_session_stall_guard.SessionStallGuardTests.test_retry_loop_must_switch_strategy) ... ok
test_wait_and_workspace_loss_are_fail_forward (test_session_stall_guard.SessionStallGuardTests.test_wait_and_workspace_loss_are_fail_forward) ... ok
test_generation80_blocks_new_nx_and_unknown_mutation_dispatches_for_p7_lease (test_v0_generation80_safety_guards.Generation80SafetyGuardTests.test_generation80_blocks_new_nx_and_unknown_mutation_dispatches_for_p7_lease) ... ok
test_generation80_reserves_one_global_mutation_lease_for_current_p7 (test_v0_generation80_safety_guards.Generation80SafetyGuardTests.test_generation80_reserves_one_global_mutation_lease_for_current_p7) ... ok
test_historical_p4_prebuild_subject_remains_auditable_after_current_v0_moves_post_p6 (test_v0_generation80_safety_guards.Generation80SafetyGuardTests.test_historical_p4_prebuild_subject_remains_auditable_after_current_v0_moves_post_p6) ... ok
test_initial_dispatch_requires_director_without_rewriting_historical_evidence (test_v0_generation80_safety_guards.Generation80SafetyGuardTests.test_initial_dispatch_requires_director_without_rewriting_historical_evidence) ... ok
test_old_p4_dispatch_is_blocked_after_lease_rotation (test_v0_generation80_safety_guards.Generation80SafetyGuardTests.test_old_p4_dispatch_is_blocked_after_lease_rotation) ... ok
test_p4_audit_skip_fetch_is_explicitly_non_authorizing (test_v0_generation80_safety_guards.Generation80SafetyGuardTests.test_p4_audit_skip_fetch_is_explicitly_non_authorizing) ... ok
test_p4_dispatch_accepts_audit_committed_before_dispatch_event (test_v0_generation80_safety_guards.Generation80SafetyGuardTests.test_p4_dispatch_accepts_audit_committed_before_dispatch_event) ... ok
test_p4_dispatch_rejects_audit_committed_after_dispatch_event (test_v0_generation80_safety_guards.Generation80SafetyGuardTests.test_p4_dispatch_rejects_audit_committed_after_dispatch_event) ... ok
test_p4_dispatch_rejects_uncommitted_audit_even_when_worktree_loader_can_see_it (test_v0_generation80_safety_guards.Generation80SafetyGuardTests.test_p4_dispatch_rejects_uncommitted_audit_even_when_worktree_loader_can_see_it) ... ok
test_acceptance_is_exact_and_does_not_self_activate_p5 (test_v0_p4_checkpoint_acceptance_record.V0P4CheckpointAcceptanceRecordTests.test_acceptance_is_exact_and_does_not_self_activate_p5) ... ok
test_acceptance_is_exact_and_does_not_self_activate_p6 (test_v0_p5_checkpoint_acceptance_record.V0P5CheckpointAcceptanceRecordTests.test_acceptance_is_exact_and_does_not_self_activate_p6) ... ok
test_01_original_acceptance_remains_historically_readable (test_v0_p6_acceptance_effective_state.V0P6AcceptanceEffectiveStateTests.test_01_original_acceptance_remains_historically_readable) ... ok
test_02_effective_state_sees_the_addendum (test_v0_p6_acceptance_effective_state.V0P6AcceptanceEffectiveStateTests.test_02_effective_state_sees_the_addendum) ... ok
test_03_old_completeness_claim_cannot_authorize_successor_runtime (test_v0_p6_acceptance_effective_state.V0P6AcceptanceEffectiveStateTests.test_03_old_completeness_claim_cannot_authorize_successor_runtime) ... ok
test_04_sm1_eligibility_is_fail_closed_before_activation (test_v0_p6_acceptance_effective_state.V0P6AcceptanceEffectiveStateTests.test_04_sm1_eligibility_is_fail_closed_before_activation) ... ok
test_05_eg5_gate_is_evidence_driven_not_permanent (test_v0_p6_acceptance_effective_state.V0P6AcceptanceEffectiveStateTests.test_05_eg5_gate_is_evidence_driven_not_permanent) ... ok
test_06_reconciliation_consumption_requires_matching_live_control (test_v0_p6_acceptance_effective_state.V0P6AcceptanceEffectiveStateTests.test_06_reconciliation_consumption_requires_matching_live_control) ... ok
test_mutation_lease_is_reserved_to_p7_and_still_serialized (test_v0_product_train_policy.V0ProductTrainPolicyTests.test_mutation_lease_is_reserved_to_p7_and_still_serialized) ... ok
test_p7_0_exact_source_owner_map_is_bound_to_existing_owners (test_v0_product_train_policy.V0ProductTrainPolicyTests.test_p7_0_exact_source_owner_map_is_bound_to_existing_owners) ... ok
test_p7_0_rejects_duplicate_terrain_and_resource_owners (test_v0_product_train_policy.V0ProductTrainPolicyTests.test_p7_0_rejects_duplicate_terrain_and_resource_owners) ... ok
test_p7_activation_binds_exact_accepted_sm1_lineage (test_v0_product_train_policy.V0ProductTrainPolicyTests.test_p7_activation_binds_exact_accepted_sm1_lineage) ... ok
test_p7_canonical_hold_routes_before_obsolete_execution_loading (test_v0_product_train_policy.V0ProductTrainPolicyTests.test_p7_canonical_hold_routes_before_obsolete_execution_loading) ... ok
test_p7_catalog_and_work_order_predicates_are_exact (test_v0_product_train_policy.V0ProductTrainPolicyTests.test_p7_catalog_and_work_order_predicates_are_exact) ... ok
test_p7_is_current_but_runtime_is_fail_closed (test_v0_product_train_policy.V0ProductTrainPolicyTests.test_p7_is_current_but_runtime_is_fail_closed) ... ok
test_p7_owner_map_reuses_existing_foundations (test_v0_product_train_policy.V0ProductTrainPolicyTests.test_p7_owner_map_reuses_existing_foundations) ... ok
test_p7_reconciliation_blob_pins_match_current_immutable_event_files (test_v0_product_train_policy.V0ProductTrainPolicyTests.test_p7_reconciliation_blob_pins_match_current_immutable_event_files) ... ok
test_p7_transition_ledger_repair_keeps_close_mission_fail_closed_until_p7_acceptance (test_v0_product_train_policy.V0ProductTrainPolicyTests.test_p7_transition_ledger_repair_keeps_close_mission_fail_closed_until_p7_acceptance) ... ok
test_planner_exposes_p7_but_blocks_dispatch_until_control_gates_close (test_v0_product_train_policy.V0ProductTrainPolicyTests.test_planner_exposes_p7_but_blocks_dispatch_until_control_gates_close) ... ok
test_product_sequence_remains_unique (test_v0_product_train_policy.V0ProductTrainPolicyTests.test_product_sequence_remains_unique) ... ok
test_scheduler_only_snapshot_cannot_authorize_control_route (test_v0_product_train_policy.V0ProductTrainPolicyTests.test_scheduler_only_snapshot_cannot_authorize_control_route) ... ok
test_sm1_is_formally_accepted (test_v0_product_train_policy.V0ProductTrainPolicyTests.test_sm1_is_formally_accepted) ... ok
test_current_registry_and_current_passport_are_consistent (test_v0_s1_networked_checkpoint_contract.V0ProductCheckpointContractTests.test_current_registry_and_current_passport_are_consistent) ... ok
test_goal_graph_preserves_p0_p8_order_and_routes_current_product_lane_to_p7 (test_v0_s1_networked_checkpoint_contract.V0ProductCheckpointContractTests.test_goal_graph_preserves_p0_p8_order_and_routes_current_product_lane_to_p7) ... ok
test_historical_p4_passport_remains_auditable_without_being_current_registry_truth (test_v0_s1_networked_checkpoint_contract.V0ProductCheckpointContractTests.test_historical_p4_passport_remains_auditable_without_being_current_registry_truth) ... ok
test_nx_c1_acceptance_contract_remains_strict (test_v0_s1_networked_checkpoint_contract.V0ProductCheckpointContractTests.test_nx_c1_acceptance_contract_remains_strict) ... ok
test_p4_historical_high_risk_product_checkpoint_contract_is_preserved (test_v0_s1_networked_checkpoint_contract.V0ProductCheckpointContractTests.test_p4_historical_high_risk_product_checkpoint_contract_is_preserved) ... ok
test_p4_planner_is_historical_and_cannot_reacquire_live_mutation_slot (test_v0_s1_networked_checkpoint_contract.V0ProductCheckpointContractTests.test_p4_planner_is_historical_and_cannot_reacquire_live_mutation_slot) ... ok
test_p4_required_predicates_cover_real_resource_atomicity_and_replication (test_v0_s1_networked_checkpoint_contract.V0ProductCheckpointContractTests.test_p4_required_predicates_cover_real_resource_atomicity_and_replication) ... ok
test_p4_uses_main_declared_product_execution_base_not_bare_main (test_v0_s1_networked_checkpoint_contract.V0ProductCheckpointContractTests.test_p4_uses_main_declared_product_execution_base_not_bare_main) ... ok
test_pre_h0_3_concurrency_is_one_main_owned_p7_reserved_lease (test_v0_s1_networked_checkpoint_contract.V0ProductCheckpointContractTests.test_pre_h0_3_concurrency_is_one_main_owned_p7_reserved_lease) ... ok
test_prior_acceptance_debt_contract_is_preserved_for_historical_p4 (test_v0_s1_networked_checkpoint_contract.V0ProductCheckpointContractTests.test_prior_acceptance_debt_contract_is_preserved_for_historical_p4) ... ok
test_registry_generation_points_to_current_p7_control_frontier (test_v0_s1_networked_checkpoint_contract.V0ProductCheckpointContractTests.test_registry_generation_points_to_current_p7_control_frontier) ... ok

----------------------------------------------------------------------
Ran 238 tests in 138.722s

OK (skipped=3)
