control	Run architecture and ownership passport compatibility regression	﻿2026-09-16T13:50:44.7609897Z ##[group]Run python3 -m unittest \
control	Run architecture and ownership passport compatibility regression	2026-09-16T13:50:44.7610290Z ^[[36;1mpython3 -m unittest \^[[0m
control	Run architecture and ownership passport compatibility regression	2026-09-16T13:50:44.7610663Z ^[[36;1m  tests.harness.test_project_control_architecture_compatibility \^[[0m
control	Run architecture and ownership passport compatibility regression	2026-09-16T13:50:44.7611196Z ^[[36;1m  tests.harness.test_project_control_historical_ownership_compatibility \^[[0m
control	Run architecture and ownership passport compatibility regression	2026-09-16T13:50:44.7611719Z ^[[36;1m  tests.harness.test_project_control_proposed_r3_ownership_projection^[[0m
control	Run architecture and ownership passport compatibility regression	2026-09-16T13:50:44.7647308Z shell: /usr/bin/bash -e {0}
control	Run architecture and ownership passport compatibility regression	2026-09-16T13:50:44.7647567Z ##[endgroup]
control	Run architecture and ownership passport compatibility regression	2026-09-16T13:50:46.7479409Z ................................................................F
control	Run architecture and ownership passport compatibility regression	2026-09-16T13:50:46.7480213Z ======================================================================
control	Run architecture and ownership passport compatibility regression	2026-09-16T13:50:46.7481899Z FAIL: test_live_proposed_r3_standard_and_directional_are_non_red (tests.harness.test_project_control_proposed_r3_ownership_projection.ProposedR3OwnershipProjectionTests.test_live_proposed_r3_standard_and_directional_are_non_red)
control	Run architecture and ownership passport compatibility regression	2026-09-16T13:50:46.7483383Z ----------------------------------------------------------------------
control	Run architecture and ownership passport compatibility regression	2026-09-16T13:50:46.7483853Z Traceback (most recent call last):
control	Run architecture and ownership passport compatibility regression	2026-09-16T13:50:46.7484864Z   File "/home/runner/work/distributed-world-simulator/distributed-world-simulator/tests/harness/test_project_control_proposed_r3_ownership_projection.py", line 219, in test_live_proposed_r3_standard_and_directional_are_non_red
control	Run architecture and ownership passport compatibility regression	2026-09-16T13:50:46.7485909Z     self.assertNotEqual("RED", directional_health)
control	Run architecture and ownership passport compatibility regression	2026-09-16T13:50:46.7486237Z AssertionError: 'RED' == 'RED'
control	Run architecture and ownership passport compatibility regression	2026-09-16T13:50:46.7486411Z 
control	Run architecture and ownership passport compatibility regression	2026-09-16T13:50:46.7486563Z ----------------------------------------------------------------------
control	Run architecture and ownership passport compatibility regression	2026-09-16T13:50:46.7486916Z Ran 65 tests in 1.897s
control	Run architecture and ownership passport compatibility regression	2026-09-16T13:50:46.7487060Z 
control	Run architecture and ownership passport compatibility regression	2026-09-16T13:50:46.7487148Z FAILED (failures=1)
control	Run architecture and ownership passport compatibility regression	2026-09-16T13:50:46.7639664Z ##[error]Process completed with exit code 1.
