python : test_generation_80_lease_blocks_a_new_h0_2_mutation_dispatch (test_h0_2_machine_checkpoint_contract.H02Machine
CheckpointContractTests.test_generation_80_lease_blocks_a_new_h0_2_mutation_dispatch) ... ok
At line:1 char:219
+ ... r2"; $out = python -m unittest discover -s tests/harness -p "test_*.p ...
+                 ~~~~~~~~~~~~~~~~~~~~~~~~~~~~~~~~~~~~~~~~~~~~~~~~~~~~~~~~~
    + CategoryInfo          : NotSpecified: (test_generation...ispatch) ... ok:String) [], RemoteException
    + FullyQualifiedErrorId : NativeCommandError
 
test_goal_graph_routes_network_train_through_h0_2 (test_h0_2_machine_checkpoint_contract.H02MachineCheckpointContractTe
sts.test_goal_graph_routes_network_train_through_h0_2) ... ok
test_h0_2_checkpoint_exists_and_has_distinct_success_state (test_h0_2_machine_checkpoint_contract.H02MachineCheckpointC
ontractTests.test_h0_2_checkpoint_exists_and_has_distinct_success_state) ... ok
test_h0_2_is_bound_to_canonical_r3_and_post_r3_pc0 (test_h0_2_machine_checkpoint_contract.H02MachineCheckpointContractT
ests.test_h0_2_is_bound_to_canonical_r3_and_post_r3_pc0) ... ok
test_h0_2_requires_high_risk_runtime_and_dependency_evidence (test_h0_2_machine_checkpoint_contract.H02MachineCheckpoin
tContractTests.test_h0_2_requires_high_risk_runtime_and_dependency_evidence) ... ok
test_implemented_h0_2_is_verification_only_and_consumes_no_mutation_worker (test_h0_2_machine_checkpoint_contract.H02Ma
chineCheckpointContractTests.test_implemented_h0_2_is_verification_only_and_consumes_no_mutation_worker) ... ok
test_planner_allows_control_only_planning_branch_but_forbids_runtime_mutation_before_dispatch (test_h0_2_machine_checkp
oint_contract.H02MachineCheckpointContractTests.test_planner_allows_control_only_planning_branch_but_forbids_runtime_mu
tation_before_dispatch) ... ok
test_scheduler_selects_h0_2_but_keeps_single_worker_ceiling (test_h0_2_machine_checkpoint_contract.H02MachineCheckpoint
ContractTests.test_scheduler_selects_h0_2_but_keeps_single_worker_ceiling) ... ok
test_canonical_contracts_and_r8_instances_validate (test_h0_control_harness.H01R8ClosedLoopControlTests.test_canonical_
contracts_and_r8_instances_validate) ... ok
test_current_generation_rejects_historical_r8_as_live_authority (test_h0_control_harness.H01R8ClosedLoopControlTests.te
st_current_generation_rejects_historical_r8_as_live_authority) ... ok
test_dispatch_simulation_authorizes_exactly_one_worker (test_h0_control_harness.H01R8ClosedLoopControlTests.test_dispat
ch_simulation_authorizes_exactly_one_worker) ... ok
test_epoch_validator_requires_audit_after_main_move (test_h0_control_harness.H01R8ClosedLoopControlTests.test_epoch_val
idator_requires_audit_after_main_move) ... ok
test_h0_0_checkpoint_remains_historical_terminal (test_h0_control_harness.H01R8ClosedLoopControlTests.test_h0_0_checkpo
int_remains_historical_terminal) ... ok
test_historical_r8_diff_stays_inside_its_declared_scope (test_h0_control_harness.H01R8ClosedLoopControlTests.test_histo
rical_r8_diff_stays_inside_its_declared_scope) ... ok
test_historical_state_replays_r8_without_selecting_current_authority (test_h0_control_harness.H01R8ClosedLoopControlTes
ts.test_historical_state_replays_r8_without_selecting_current_authority) ... ok
test_implementation_freshness_scope_covers_runtime_without_self_staling_evidence (test_h0_control_harness.H01R8ClosedLo
opControlTests.test_implementation_freshness_scope_covers_runtime_without_self_staling_evidence) ... ok
test_launcher_uses_current_machine_selector_not_historical_r8 (test_h0_control_harness.H01R8ClosedLoopControlTests.test
_launcher_uses_current_machine_selector_not_historical_r8) ... ok
test_ledger_rebuilds_and_snapshot_matches (test_h0_control_harness.H01R8ClosedLoopControlTests.test_ledger_rebuilds_and
_snapshot_matches) ... ok
test_plan_never_exceeds_one_runtime_worker (test_h0_control_harness.H01R8ClosedLoopControlTests.test_plan_never_exceeds
_one_runtime_worker) ... ok
test_previous_attempts_are_not_selected_authority (test_h0_control_harness.H01R8ClosedLoopControlTests.test_previous_at
tempts_are_not_selected_authority) ... ok
test_registry_generation_identity_fail_closed (test_h0_control_harness.H01R8ClosedLoopControlTests.test_registry_genera
tion_identity_fail_closed) ... ok
test_work_order_scope_is_bounded_and_includes_harness (test_h0_control_harness.H01R8ClosedLoopControlTests.test_work_or
der_scope_is_bounded_and_includes_harness) ... ok
test_doctrine_preserves_human_and_acceptance_gates (test_harness_autonomous_execution_policy.AutonomousExecutionPolicyT
ests.test_doctrine_preserves_human_and_acceptance_gates) ... ok
test_executor_fallback_ladder_prefers_available_project_owned_execution (test_harness_autonomous_execution_policy.Auton
omousExecutionPolicyTests.test_executor_fallback_ladder_prefers_available_project_owned_execution) ... ok
test_independent_verdict_does_not_require_separate_cloud_vm_by_default (test_harness_autonomous_execution_policy.Autono
mousExecutionPolicyTests.test_independent_verdict_does_not_require_separate_cloud_vm_by_default) ... ok
test_reused_machine_evidence_requires_hash_bound_manifest (test_harness_autonomous_execution_policy.AutonomousExecution
PolicyTests.test_reused_machine_evidence_requires_hash_bound_manifest) ... ok
test_self_execution_is_default_and_preferred_vm_is_optional (test_harness_autonomous_execution_policy.AutonomousExecuti
onPolicyTests.test_self_execution_is_default_and_preferred_vm_is_optional) ... ok
test_current_policy_accepts_only_exhaustive_durable_proof (test_harness_autonomy_runtime.AutonomousRuntimeRoutingTests.
test_current_policy_accepts_only_exhaustive_durable_proof) ... ok
test_current_policy_rejects_legacy_flag_only (test_harness_autonomy_runtime.AutonomousRuntimeRoutingTests.test_current_
policy_rejects_legacy_flag_only) ... ok
test_current_policy_requires_every_declared_proof_clause (test_harness_autonomy_runtime.AutonomousRuntimeRoutingTests.t
est_current_policy_requires_every_declared_proof_clause) ... ok
test_unknown_policy_requirement_fails_closed (test_harness_autonomy_runtime.AutonomousRuntimeRoutingTests.test_unknown_
policy_requirement_fails_closed) ... ok
test_acceptance_is_read_from_canonical_main_ref (test_harness_checkpoint_session.CanonicalAcceptanceTests.test_acceptan
ce_is_read_from_canonical_main_ref) ... ok
test_automatable_fix_required_cannot_close_role_or_mission (test_harness_checkpoint_session.CheckpointSessionContinuati
onTests.test_automatable_fix_required_cannot_close_role_or_mission) ... ok
test_blocked_state_alone_is_not_a_terminal (test_harness_checkpoint_session.CheckpointSessionContinuationTests.test_blo
cked_state_alone_is_not_a_terminal) ... ok
test_canonical_acceptance_is_the_only_success_terminal (test_harness_checkpoint_session.CheckpointSessionContinuationTe
sts.test_canonical_acceptance_is_the_only_success_terminal) ... ok
test_checkpoint_proposed_without_acceptance_remains_open (test_harness_checkpoint_session.CheckpointSessionContinuation
Tests.test_checkpoint_proposed_without_acceptance_remains_open) ... ok
test_declared_mission_metadata_survives_role_rotation (test_harness_checkpoint_session.CheckpointSessionContinuationTes
ts.test_declared_mission_metadata_survives_role_rotation) ... ok
test_explicit_implementer_validation_incomplete_stays_with_implementer (test_harness_checkpoint_session.CheckpointSessi
onContinuationTests.test_explicit_implementer_validation_incomplete_stays_with_implementer) ... ok
test_generic_checkpoint_predicates_do_not_deadlock_implemented_role (test_harness_checkpoint_session.CheckpointSessionC
ontinuationTests.test_generic_checkpoint_predicates_do_not_deadlock_implemented_role) ... ok
test_planned_checkpoint_work_cannot_end_session (test_harness_checkpoint_session.CheckpointSessionContinuationTests.tes
t_planned_checkpoint_work_cannot_end_session) ... ok
test_proven_non_automatable_block_is_a_terminal (test_harness_checkpoint_session.CheckpointSessionContinuationTests.tes
t_proven_non_automatable_block_is_a_terminal) ... ok
test_repeated_defect_takeover_rotates_role_not_mission (test_harness_checkpoint_session.CheckpointSessionContinuationTe
sts.test_repeated_defect_takeover_rotates_role_not_mission) ... ok
test_review_fail_routes_repair_without_closing_parent_session (test_harness_checkpoint_session.CheckpointSessionContinu
ationTests.test_review_fail_routes_repair_without_closing_parent_session) ... ok
test_role_boundary_never_closes_checkpoint_mission (test_harness_checkpoint_session.CheckpointSessionContinuationTests.
test_role_boundary_never_closes_checkpoint_mission) ... ok
test_role_boundary_property_never_authorizes_parent_session_exit (test_harness_checkpoint_session.CheckpointSessionCont
inuationTests.test_role_boundary_property_never_authorizes_parent_session_exit) ... ok
test_waiting_human_is_a_valid_session_terminal (test_harness_checkpoint_session.CheckpointSessionContinuationTests.test
_waiting_human_is_a_valid_session_terminal) ... ok
test_agent_router_forbids_routine_git_permission_reprompt (test_harness_checkpoint_session.ContractRegressionTests.test
_agent_router_forbids_routine_git_permission_reprompt) ... ok
test_continuation_revision_is_bound_from_harness_policy (test_harness_checkpoint_session.ContractRegressionTests.test_c
ontinuation_revision_is_bound_from_harness_policy) ... ok
test_default_git_authority_is_pre_authorized_through_a3 (test_harness_checkpoint_session.ContractRegressionTests.test_d
efault_git_authority_is_pre_authorized_through_a3) ... ok
test_r5_json_contracts_are_valid_draft_2020_12_schemas (test_harness_checkpoint_session.ContractRegressionTests.test_r5
_json_contracts_are_valid_draft_2020_12_schemas) ... ok
test_work_order_mission_extension_is_optional_and_fail_closed (test_harness_checkpoint_session.ContractRegressionTests.
test_work_order_mission_extension_is_optional_and_fail_closed) ... ok
test_latest_execution_for_checkpoint_is_selected_without_hardcoded_path (test_harness_checkpoint_session.ExecutionSelec
torTests.test_latest_execution_for_checkpoint_is_selected_without_hardcoded_path) ... ok
test_scheduler_product_checkpoint_is_the_default (test_harness_checkpoint_session.ExecutionSelectorTests.test_scheduler
_product_checkpoint_is_the_default) ... ok
test_a_exact_canonical_match_still_succeeds (test_project_control_architecture_compatibility.ProjectControlArchitecture
CompatibilityTests.test_a_exact_canonical_match_still_succeeds) ... ok
test_aa_alter_only_g_passport_blob_restores_red (test_project_control_architecture_compatibility.ProjectControlArchitec
tureCompatibilityTests.test_aa_alter_only_g_passport_blob_restores_red) ... ok
test_b_mismatch_without_compatibility_policy_fails_closed (test_project_control_architecture_compatibility.ProjectContr
olArchitectureCompatibilityTests.test_b_mismatch_without_compatibility_policy_fails_closed) ... ok
test_c_missing_central_registry_field_fails_closed (test_project_control_architecture_compatibility.ProjectControlArchi
tectureCompatibilityTests.test_c_missing_central_registry_field_fails_closed) ... ok
test_d_empty_central_registry_field_fails_closed (test_project_control_architecture_compatibility.ProjectControlArchite
ctureCompatibilityTests.test_d_empty_central_registry_field_fails_closed) ... ok
test_e_wrong_or_non_string_central_registry_field_fails_closed (test_project_control_architecture_compatibility.Project
ControlArchitectureCompatibilityTests.test_e_wrong_or_non_string_central_registry_field_fails_closed) ... ok
test_f_missing_historical_identity_registry_field_fails_closed (test_project_control_architecture_compatibility.Project
ControlArchitectureCompatibilityTests.test_f_missing_historical_identity_registry_field_fails_closed) ... ok
test_g_wrong_or_non_string_identity_field_literal_fails_closed (test_project_control_architecture_compatibility.Project
ControlArchitectureCompatibilityTests.test_g_wrong_or_non_string_identity_field_literal_fails_closed) ... ok
test_h_revision_allowlist_without_identity_list_fails_closed (test_project_control_architecture_compatibility.ProjectCo
ntrolArchitectureCompatibilityTests.test_h_revision_allowlist_without_identity_list_fails_closed) ... ok
test_i_revision_allowlist_plus_exact_immutable_identity_succeeds (test_project_control_architecture_compatibility.Proje
ctControlArchitectureCompatibilityTests.test_i_revision_allowlist_plus_exact_immutable_identity_succeeds) ... ok
test_j_wrong_program_identity_fails_closed (test_project_control_architecture_compatibility.ProjectControlArchitectureC
ompatibilityTests.test_j_wrong_program_identity_fails_closed) ... ok
test_k_wrong_branch_identity_fails_closed (test_project_control_architecture_compatibility.ProjectControlArchitectureCo
mpatibilityTests.test_k_wrong_branch_identity_fails_closed) ... ok
test_l_wrong_passport_path_identity_fails_closed (test_project_control_architecture_compatibility.ProjectControlArchite
ctureCompatibilityTests.test_l_wrong_passport_path_identity_fails_closed) ... ok
test_live_projection_main_owned_input_delegates_to_origin_main_loader (test_project_control_architecture_compatibility.
ProjectControlArchitectureCompatibilityTests.test_live_projection_main_owned_input_delegates_to_origin_main_loader) ...
 ok
test_m_wrong_historical_architecture_revision_identity_fails_closed (test_project_control_architecture_compatibility.Pr
ojectControlArchitectureCompatibilityTests.test_m_wrong_historical_architecture_revision_identity_fails_closed) ... ok
test_n_wrong_pinned_head_fails_closed (test_project_control_architecture_compatibility.ProjectControlArchitectureCompat
ibilityTests.test_n_wrong_pinned_head_fails_closed) ... ok
test_o_wrong_passport_blob_fails_closed (test_project_control_architecture_compatibility.ProjectControlArchitectureComp
atibilityTests.test_o_wrong_passport_blob_fails_closed) ... ok
test_p_malformed_pinned_sha_fails_closed (test_project_control_architecture_compatibility.ProjectControlArchitectureCom
patibilityTests.test_p_malformed_pinned_sha_fails_closed) ... ok
test_q_malformed_blob_sha_fails_closed (test_project_control_architecture_compatibility.ProjectControlArchitectureCompa
tibilityTests.test_q_malformed_blob_sha_fails_closed) ... ok
test_r_malformed_identity_list_or_record_fails_closed (test_project_control_architecture_compatibility.ProjectControlAr
chitectureCompatibilityTests.test_r_malformed_identity_list_or_record_fails_closed) ... ok
test_s_copied_r2_allowlist_to_different_identity_fails_closed (test_project_control_architecture_compatibility.ProjectC
ontrolArchitectureCompatibilityTests.test_s_copied_r2_allowlist_to_different_identity_fails_closed) ... ok
test_t_new_or_refreshed_r2_frontier_with_copied_allowlist_stays_red (test_project_control_architecture_compatibility.Pr
ojectControlArchitectureCompatibilityTests.test_t_new_or_refreshed_r2_frontier_with_copied_allowlist_stays_red) ... ok
test_u_same_historical_branch_moved_after_pinned_identity_fails_closed (test_project_control_architecture_compatibility
.ProjectControlArchitectureCompatibilityTests.test_u_same_historical_branch_moved_after_pinned_identity_fails_closed) .
.. ok
test_v_other_existing_red_finding_remains_red (test_project_control_architecture_compatibility.ProjectControlArchitectu
reCompatibilityTests.test_v_other_existing_red_finding_remains_red) ... ok
test_w_remaining_existing_yellow_remains_yellow (test_project_control_architecture_compatibility.ProjectControlArchitec
tureCompatibilityTests.test_w_remaining_existing_yellow_remains_yellow) ... ok
test_x_historical_r2_and_refreshed_r3_passports_use_correct_compatibility_mode (test_project_control_architecture_compa
tibility.ProjectControlArchitectureCompatibilityTests.test_x_historical_r2_and_refreshed_r3_passports_use_correct_compa
tibility_mode) ... ok
test_y_remove_g_revision_allowlist_restores_red (test_project_control_architecture_compatibility.ProjectControlArchitec
tureCompatibilityTests.test_y_remove_g_revision_allowlist_restores_red) ... ok
test_z_alter_only_g_pinned_head_restores_red (test_project_control_architecture_compatibility.ProjectControlArchitectur
eCompatibilityTests.test_z_alter_only_g_pinned_head_restores_red) ... ok
test_added_or_removed_watched_hit_fails_closed (test_project_control_directional_clearance.DirectionalWatchClearanceTes
ts.test_added_or_removed_watched_hit_fails_closed) ... ok
test_any_reviewed_or_current_watched_blob_drift_fails_closed (test_project_control_directional_clearance.DirectionalWat
chClearanceTests.test_any_reviewed_or_current_watched_blob_drift_fails_closed) ... ok
test_consumer_head_or_passport_drift_fails_closed (test_project_control_directional_clearance.DirectionalWatchClearance
Tests.test_consumer_head_or_passport_drift_fails_closed) ... ok
test_current_nx_does_not_inherit_historical_nx_to_p4_clearance_for_post_p6_v0 (test_project_control_directional_clearan
ce.DirectionalWatchClearanceTests.test_current_nx_does_not_inherit_historical_nx_to_p4_clearance_for_post_p6_v0) ... ok
test_current_post_p6_v0_does_not_inherit_historical_p4_to_nx_clearance (test_project_control_directional_clearance.Dire
ctionalWatchClearanceTests.test_current_post_p6_v0_does_not_inherit_historical_p4_to_nx_clearance) ... ok
test_decision_and_independent_evidence_ids_are_mandatory (test_project_control_directional_clearance.DirectionalWatchCl
earanceTests.test_decision_and_independent_evidence_ids_are_mandatory) ... ok
test_historical_nx_to_v0_p4_clearance_replays_on_exact_reviewed_subjects (test_project_control_directional_clearance.Di
rectionalWatchClearanceTests.test_historical_nx_to_v0_p4_clearance_replays_on_exact_reviewed_subjects) ... ok
test_historical_v0_p4_to_nx_clearance_replays_on_exact_reviewed_subjects (test_project_control_directional_clearance.Di
rectionalWatchClearanceTests.test_historical_v0_p4_to_nx_clearance_replays_on_exact_reviewed_subjects) ... ok
test_older_historical_clearance_is_retained_but_not_selected_as_p4_h0_2_clearance (test_project_control_directional_cle
arance.DirectionalWatchClearanceTests.test_older_historical_clearance_is_retained_but_not_selected_as_p4_h0_2_clearance
) ... ok
test_reviewed_head_must_remain_producer_ancestor (test_project_control_directional_clearance.DirectionalWatchClearanceT
ests.test_reviewed_head_must_remain_producer_ancestor) ... ok
test_a_exact (test_project_control_historical_ownership_compatibility.HistoricalOwnershipCompatibilityTests.test_a_exac
t) ... ok
test_aa_change_one_target_r3_owner_restores_t_red (test_project_control_historical_ownership_compatibility.HistoricalOw
nershipCompatibilityTests.test_aa_change_one_target_r3_owner_restores_t_red) ... ok
test_ab_duplicate_transition_restores_t_red (test_project_control_historical_ownership_compatibility.HistoricalOwnershi
pCompatibilityTests.test_ab_duplicate_transition_restores_t_red) ... ok
test_ac_refreshed_r2_identity_never_activates (test_project_control_historical_ownership_compatibility.HistoricalOwners
hipCompatibilityTests.test_ac_refreshed_r2_identity_never_activates) ... ok
test_b_no_list (test_project_control_historical_ownership_compatibility.HistoricalOwnershipCompatibilityTests.test_b_no
_list) ... ok
test_c_only_wq (test_project_control_historical_ownership_compatibility.HistoricalOwnershipCompatibilityTests.test_c_on
ly_wq) ... ok
test_d_only_wt (test_project_control_historical_ownership_compatibility.HistoricalOwnershipCompatibilityTests.test_d_on
ly_wt) ... ok
test_e_wrong_hist_owner (test_project_control_historical_ownership_compatibility.HistoricalOwnershipCompatibilityTests.
test_e_wrong_hist_owner) ... ok
test_exact_metadata (test_project_control_historical_ownership_compatibility.HistoricalOwnershipCompatibilityTests.test
_exact_metadata) ... ok
test_f_wrong_canonical (test_project_control_historical_ownership_compatibility.HistoricalOwnershipCompatibilityTests.t
est_f_wrong_canonical) ... ok
test_g_wrong_foundation (test_project_control_historical_ownership_compatibility.HistoricalOwnershipCompatibilityTests.
test_g_wrong_foundation) ... ok
test_h_wrong_program (test_project_control_historical_ownership_compatibility.HistoricalOwnershipCompatibilityTests.tes
t_h_wrong_program) ... ok
test_i_duplicate (test_project_control_historical_ownership_compatibility.HistoricalOwnershipCompatibilityTests.test_i_
duplicate) ... ok
test_j2_wrong_mode_fails_closed (test_project_control_historical_ownership_compatibility.HistoricalOwnershipCompatibili
tyTests.test_j2_wrong_mode_fails_closed) ... ok
test_j3_malformed_transition_record_fails_closed (test_project_control_historical_ownership_compatibility.HistoricalOwn
ershipCompatibilityTests.test_j3_malformed_transition_record_fails_closed) ... ok
test_j4_historical_source_path_missing_fails_closed (test_project_control_historical_ownership_compatibility.Historical
OwnershipCompatibilityTests.test_j4_historical_source_path_missing_fails_closed) ... ok
test_j_missing_policy (test_project_control_historical_ownership_compatibility.HistoricalOwnershipCompatibilityTests.te
st_j_missing_policy) ... ok
test_k_bad_registry_field (test_project_control_historical_ownership_compatibility.HistoricalOwnershipCompatibilityTest
s.test_k_bad_registry_field) ... ok
test_l_wrong_source_commit (test_project_control_historical_ownership_compatibility.HistoricalOwnershipCompatibilityTes
ts.test_l_wrong_source_commit) ... ok
test_m_wrong_source_path (test_project_control_historical_ownership_compatibility.HistoricalOwnershipCompatibilityTests
.test_m_wrong_source_path) ... ok
test_n_wrong_source_blob (test_project_control_historical_ownership_compatibility.HistoricalOwnershipCompatibilityTests
.test_n_wrong_source_blob) ... ok
test_nonlist_malformed (test_project_control_historical_ownership_compatibility.HistoricalOwnershipCompatibilityTests.t
est_nonlist_malformed) ... ok
test_o_historical_owner_source_mismatch (test_project_control_historical_ownership_compatibility.HistoricalOwnershipCom
patibilityTests.test_o_historical_owner_source_mismatch) ... ok
test_p_current_owner_mismatch (test_project_control_historical_ownership_compatibility.HistoricalOwnershipCompatibility
Tests.test_p_current_owner_mismatch) ... ok
test_q_arch_identity_absent (test_project_control_historical_ownership_compatibility.HistoricalOwnershipCompatibilityTe
sts.test_q_arch_identity_absent) ... ok
test_r_commit_missing (test_project_control_historical_ownership_compatibility.HistoricalOwnershipCompatibilityTests.te
st_r_commit_missing) ... ok
test_s_blob_moved (test_project_control_historical_ownership_compatibility.HistoricalOwnershipCompatibilityTests.test_s
_blob_moved) ... ok
test_t_other_program (test_project_control_historical_ownership_compatibility.HistoricalOwnershipCompatibilityTests.tes
t_t_other_program) ... ok
test_u_current_canonical_arch_never_activates (test_project_control_historical_ownership_compatibility.HistoricalOwners
hipCompatibilityTests.test_u_current_canonical_arch_never_activates) ... ok
test_v_heuristics_irrelevant (test_project_control_historical_ownership_compatibility.HistoricalOwnershipCompatibilityT
ests.test_v_heuristics_irrelevant) ... ok
test_w_unrelated_conflict (test_project_control_historical_ownership_compatibility.HistoricalOwnershipCompatibilityTest
s.test_w_unrelated_conflict) ... ok
test_wildcard_malformed (test_project_control_historical_ownership_compatibility.HistoricalOwnershipCompatibilityTests.
test_wildcard_malformed) ... ok
test_x_other_red_survives (test_project_control_historical_ownership_compatibility.HistoricalOwnershipCompatibilityTest
s.test_x_other_red_survives) ... ok
test_y_synthetic_proposed_r3_six_passports_non_red (test_project_control_historical_ownership_compatibility.HistoricalO
wnershipCompatibilityTests.test_y_synthetic_proposed_r3_six_passports_non_red) ... ok
test_z_remove_one_transition_restores_t_red (test_project_control_historical_ownership_compatibility.HistoricalOwnershi
pCompatibilityTests.test_z_remove_one_transition_restores_t_red) ... ok
test_live_proposed_r3_negative_ownership_mutations_fail_closed (test_project_control_proposed_r3_ownership_projection.P
roposedR3OwnershipProjectionTests.test_live_proposed_r3_negative_ownership_mutations_fail_closed) ... skipped 'live pro
posed-R3 projection requires GitHub Actions with all remote refs fetched'
test_live_proposed_r3_standard_and_directional_are_non_red (test_project_control_proposed_r3_ownership_projection.Propo
sedR3OwnershipProjectionTests.test_live_proposed_r3_standard_and_directional_are_non_red) ... skipped 'live proposed-R3
 projection requires GitHub Actions with all remote refs fetched'
test_all_held_modes_require_pinned_dependency (test_project_control_validation.ProjectControlValidationTests.test_all_h
eld_modes_require_pinned_dependency) ... ok
test_boolean_is_not_a_generation (test_project_control_validation.ProjectControlValidationTests.test_boolean_is_not_a_g
eneration) ... ok
test_canonical_contract_integrity_blocks_route (test_project_control_validation.ProjectControlValidationTests.test_cano
nical_contract_integrity_blocks_route) ... ok
test_canonical_control_ignores_dirty_candidate_override (test_project_control_validation.ProjectControlValidationTests.
test_canonical_control_ignores_dirty_candidate_override) ... ok
test_canonical_invalid_schema_blocks_route (test_project_control_validation.ProjectControlValidationTests.test_canonica
l_invalid_schema_blocks_route) ... ok
test_canonical_lease_generation_mismatch_blocks_route (test_project_control_validation.ProjectControlValidationTests.te
st_canonical_lease_generation_mismatch_blocks_route) ... ok
test_canonical_product_mirror_blocks_route (test_project_control_validation.ProjectControlValidationTests.test_canonica
l_product_mirror_blocks_route) ... ok
test_docs_only_commit_keeps_valid_generation (test_project_control_validation.ProjectControlValidationTests.test_docs_o
nly_commit_keeps_valid_generation) ... ok
test_generation_advance_requires_matching_lease (test_project_control_validation.ProjectControlValidationTests.test_gen
eration_advance_requires_matching_lease) ... ok
test_generation_advance_with_matching_lease_is_valid (test_project_control_validation.ProjectControlValidationTests.tes
t_generation_advance_with_matching_lease_is_valid) ... ok
test_generation_rollback_is_invalid (test_project_control_validation.ProjectControlValidationTests.test_generation_roll
back_is_invalid) ... ok
test_initial_push_enumerates_current_control_json (test_project_control_validation.ProjectControlValidationTests.test_i
nitial_push_enumerates_current_control_json) ... ok
test_invalid_push_before_fails_closed (test_project_control_validation.ProjectControlValidationTests.test_invalid_push_
before_fails_closed) ... ok
test_manual_and_schedule_use_pinned_canonical_main (test_project_control_validation.ProjectControlValidationTests.test_
manual_and_schedule_use_pinned_canonical_main) ... ok
test_post_merge_push_checks_generation_against_before (test_project_control_validation.ProjectControlValidationTests.te
st_post_merge_push_checks_generation_against_before) ... ok
test_post_merge_push_checks_new_duplicate_json (test_project_control_validation.ProjectControlValidationTests.test_post
_merge_push_checks_new_duplicate_json) ... ok
test_post_merge_push_checks_new_schema (test_project_control_validation.ProjectControlValidationTests.test_post_merge_p
ush_checks_new_schema) ... ok
test_push_without_before_uses_first_parent (test_project_control_validation.ProjectControlValidationTests.test_push_wit
hout_before_uses_first_parent) ... ok
test_registry_change_requires_generation_advance (test_project_control_validation.ProjectControlValidationTests.test_re
gistry_change_requires_generation_advance) ... ok
test_research_local_evidence_failure_does_not_block_product_route (test_project_control_validation.ProjectControlValida
tionTests.test_research_local_evidence_failure_does_not_block_product_route) ... ok
test_scheduler_change_requires_generation_advance (test_project_control_validation.ProjectControlValidationTests.test_s
cheduler_change_requires_generation_advance) ... ok
test_valid_hold_routes_without_loading_obsolete_execution (test_project_control_validation.ProjectControlValidationTest
s.test_valid_hold_routes_without_loading_obsolete_execution) ... ok
test_wrong_dependency_version_is_not_a_successful_route (test_project_control_validation.ProjectControlValidationTests.
test_wrong_dependency_version_is_not_a_successful_route) ... ok
test_acceptance_lookup_uses_pinned_main_tree_and_blobs (test_project_overview.ProjectOverviewTests.test_acceptance_look
up_uses_pinned_main_tree_and_blobs) ... ok
test_accepted_p7_can_close_without_accepting_successor (test_project_overview.ProjectOverviewTests.test_accepted_p7_can
_close_without_accepting_successor) ... ok
test_candidate_cannot_override_drive_authority (test_project_overview.ProjectOverviewTests.test_candidate_cannot_overri
de_drive_authority) ... ok
test_candidate_overview_never_loads_or_dispatches_execution (test_project_overview.ProjectOverviewTests.test_candidate_
overview_never_loads_or_dispatches_execution) ... ok
test_candidate_rejects_changed_or_missing_observed_main (test_project_overview.ProjectOverviewTests.test_candidate_reje
cts_changed_or_missing_observed_main) ... ok
test_canonical_snapshot_keeps_observed_main_as_historical_provenance (test_project_overview.ProjectOverviewTests.test_c
anonical_snapshot_keeps_observed_main_as_historical_provenance) ... ok
test_close_role_cannot_use_a_stale_epoch_to_claim_handoff (test_project_overview.ProjectOverviewTests.test_close_role_c
annot_use_a_stale_epoch_to_claim_handoff) ... ok
test_missing_acceptance_routes_director_and_forbids_close (test_project_overview.ProjectOverviewTests.test_missing_acce
ptance_routes_director_and_forbids_close) ... ok
test_research_findings_do_not_become_product_exit_gate (test_project_overview.ProjectOverviewTests.test_research_findin
gs_do_not_become_product_exit_gate) ... ok
test_role_exit_and_mission_exit_flags_are_not_interchangeable (test_project_overview.ProjectOverviewTests.test_role_exi
t_and_mission_exit_flags_are_not_interchangeable) ... ok
test_role_handoff_is_derived_from_execution_not_parent_acceptance (test_project_overview.ProjectOverviewTests.test_role
_handoff_is_derived_from_execution_not_parent_acceptance) ... ok
test_same_holder_cannot_use_old_dispatch_to_ignore_runtime_hold (test_project_overview.ProjectOverviewTests.test_same_h
older_cannot_use_old_dispatch_to_ignore_runtime_hold) ... ok
test_generation80_blocks_new_nx_and_unknown_mutation_dispatches_for_p7_lease (test_v0_generation80_safety_guards.Genera
tion80SafetyGuardTests.test_generation80_blocks_new_nx_and_unknown_mutation_dispatches_for_p7_lease) ... ok
test_generation80_reserves_one_global_mutation_lease_for_current_p7 (test_v0_generation80_safety_guards.Generation80Saf
etyGuardTests.test_generation80_reserves_one_global_mutation_lease_for_current_p7) ... ok
test_historical_p4_prebuild_subject_remains_auditable_after_current_v0_moves_post_p6 (test_v0_generation80_safety_guard
s.Generation80SafetyGuardTests.test_historical_p4_prebuild_subject_remains_auditable_after_current_v0_moves_post_p6) ..
. ok
test_initial_dispatch_requires_director_without_rewriting_historical_evidence (test_v0_generation80_safety_guards.Gener
ation80SafetyGuardTests.test_initial_dispatch_requires_director_without_rewriting_historical_evidence) ... ok
test_old_p4_dispatch_is_blocked_after_lease_rotation (test_v0_generation80_safety_guards.Generation80SafetyGuardTests.t
est_old_p4_dispatch_is_blocked_after_lease_rotation) ... ok
test_p4_audit_skip_fetch_is_explicitly_non_authorizing (test_v0_generation80_safety_guards.Generation80SafetyGuardTests
.test_p4_audit_skip_fetch_is_explicitly_non_authorizing) ... ok
test_p4_dispatch_accepts_audit_committed_before_dispatch_event (test_v0_generation80_safety_guards.Generation80SafetyGu
ardTests.test_p4_dispatch_accepts_audit_committed_before_dispatch_event) ... ok
test_p4_dispatch_rejects_audit_committed_after_dispatch_event (test_v0_generation80_safety_guards.Generation80SafetyGua
rdTests.test_p4_dispatch_rejects_audit_committed_after_dispatch_event) ... ok
test_p4_dispatch_rejects_uncommitted_audit_even_when_worktree_loader_can_see_it (test_v0_generation80_safety_guards.Gen
eration80SafetyGuardTests.test_p4_dispatch_rejects_uncommitted_audit_even_when_worktree_loader_can_see_it) ... ok
test_acceptance_is_exact_and_does_not_self_activate_p5 (test_v0_p4_checkpoint_acceptance_record.V0P4CheckpointAcceptanc
eRecordTests.test_acceptance_is_exact_and_does_not_self_activate_p5) ... ok
test_acceptance_is_exact_and_does_not_self_activate_p6 (test_v0_p5_checkpoint_acceptance_record.V0P5CheckpointAcceptanc
eRecordTests.test_acceptance_is_exact_and_does_not_self_activate_p6) ... ok
test_01_original_acceptance_remains_historically_readable (test_v0_p6_acceptance_effective_state.V0P6AcceptanceEffectiv
eStateTests.test_01_original_acceptance_remains_historically_readable) ... ok
test_02_effective_state_sees_the_addendum (test_v0_p6_acceptance_effective_state.V0P6AcceptanceEffectiveStateTests.test
_02_effective_state_sees_the_addendum) ... ok
test_03_old_completeness_claim_cannot_authorize_successor_runtime (test_v0_p6_acceptance_effective_state.V0P6Acceptance
EffectiveStateTests.test_03_old_completeness_claim_cannot_authorize_successor_runtime) ... ok
test_04_sm1_eligibility_is_fail_closed_before_activation (test_v0_p6_acceptance_effective_state.V0P6AcceptanceEffective
StateTests.test_04_sm1_eligibility_is_fail_closed_before_activation) ... ok
test_05_eg5_gate_is_evidence_driven_not_permanent (test_v0_p6_acceptance_effective_state.V0P6AcceptanceEffectiveStateTe
sts.test_05_eg5_gate_is_evidence_driven_not_permanent) ... ok
test_06_reconciliation_consumption_requires_matching_live_control (test_v0_p6_acceptance_effective_state.V0P6Acceptance
EffectiveStateTests.test_06_reconciliation_consumption_requires_matching_live_control) ... ok
test_mutation_lease_is_reserved_to_p7_and_still_serialized (test_v0_product_train_policy.V0ProductTrainPolicyTests.test
_mutation_lease_is_reserved_to_p7_and_still_serialized) ... ok
test_p7_0_exact_source_owner_map_is_bound_to_existing_owners (test_v0_product_train_policy.V0ProductTrainPolicyTests.te
st_p7_0_exact_source_owner_map_is_bound_to_existing_owners) ... ok
test_p7_0_rejects_duplicate_terrain_and_resource_owners (test_v0_product_train_policy.V0ProductTrainPolicyTests.test_p7
_0_rejects_duplicate_terrain_and_resource_owners) ... ok
test_p7_activation_binds_exact_accepted_sm1_lineage (test_v0_product_train_policy.V0ProductTrainPolicyTests.test_p7_act
ivation_binds_exact_accepted_sm1_lineage) ... ok
test_p7_canonical_hold_routes_before_obsolete_execution_loading (test_v0_product_train_policy.V0ProductTrainPolicyTests
.test_p7_canonical_hold_routes_before_obsolete_execution_loading) ... ok
test_p7_catalog_and_work_order_predicates_are_exact (test_v0_product_train_policy.V0ProductTrainPolicyTests.test_p7_cat
alog_and_work_order_predicates_are_exact) ... ok
test_p7_is_current_but_runtime_is_fail_closed (test_v0_product_train_policy.V0ProductTrainPolicyTests.test_p7_is_curren
t_but_runtime_is_fail_closed) ... ok
test_p7_owner_map_reuses_existing_foundations (test_v0_product_train_policy.V0ProductTrainPolicyTests.test_p7_owner_map
_reuses_existing_foundations) ... ok
test_p7_reconciliation_blob_pins_match_current_immutable_event_files (test_v0_product_train_policy.V0ProductTrainPolicy
Tests.test_p7_reconciliation_blob_pins_match_current_immutable_event_files) ... ok
test_p7_transition_ledger_repair_keeps_close_mission_fail_closed_until_p7_acceptance (test_v0_product_train_policy.V0Pr
oductTrainPolicyTests.test_p7_transition_ledger_repair_keeps_close_mission_fail_closed_until_p7_acceptance) ... ok
test_planner_exposes_p7_but_blocks_dispatch_until_control_gates_close (test_v0_product_train_policy.V0ProductTrainPolic
yTests.test_planner_exposes_p7_but_blocks_dispatch_until_control_gates_close) ... ok
test_product_sequence_remains_unique (test_v0_product_train_policy.V0ProductTrainPolicyTests.test_product_sequence_rema
ins_unique) ... ok
test_scheduler_only_snapshot_cannot_authorize_control_route (test_v0_product_train_policy.V0ProductTrainPolicyTests.tes
t_scheduler_only_snapshot_cannot_authorize_control_route) ... ok
test_sm1_is_formally_accepted (test_v0_product_train_policy.V0ProductTrainPolicyTests.test_sm1_is_formally_accepted) ..
. ok
test_current_registry_and_current_passport_are_consistent (test_v0_s1_networked_checkpoint_contract.V0ProductCheckpoint
ContractTests.test_current_registry_and_current_passport_are_consistent) ... ok
test_goal_graph_preserves_p0_p8_order_and_routes_current_product_lane_to_p7 (test_v0_s1_networked_checkpoint_contract.V
0ProductCheckpointContractTests.test_goal_graph_preserves_p0_p8_order_and_routes_current_product_lane_to_p7) ... ok
test_historical_p4_passport_remains_auditable_without_being_current_registry_truth (test_v0_s1_networked_checkpoint_con
tract.V0ProductCheckpointContractTests.test_historical_p4_passport_remains_auditable_without_being_current_registry_tru
th) ... ok
test_nx_c1_acceptance_contract_remains_strict (test_v0_s1_networked_checkpoint_contract.V0ProductCheckpointContractTest
s.test_nx_c1_acceptance_contract_remains_strict) ... ok
test_p4_historical_high_risk_product_checkpoint_contract_is_preserved (test_v0_s1_networked_checkpoint_contract.V0Produ
ctCheckpointContractTests.test_p4_historical_high_risk_product_checkpoint_contract_is_preserved) ... ok
test_p4_planner_is_historical_and_cannot_reacquire_live_mutation_slot (test_v0_s1_networked_checkpoint_contract.V0Produ
ctCheckpointContractTests.test_p4_planner_is_historical_and_cannot_reacquire_live_mutation_slot) ... ok
test_p4_required_predicates_cover_real_resource_atomicity_and_replication (test_v0_s1_networked_checkpoint_contract.V0P
roductCheckpointContractTests.test_p4_required_predicates_cover_real_resource_atomicity_and_replication) ... ok
test_p4_uses_main_declared_product_execution_base_not_bare_main (test_v0_s1_networked_checkpoint_contract.V0ProductChec
kpointContractTests.test_p4_uses_main_declared_product_execution_base_not_bare_main) ... ok
test_pre_h0_3_concurrency_is_one_main_owned_p7_reserved_lease (test_v0_s1_networked_checkpoint_contract.V0ProductCheckp
ointContractTests.test_pre_h0_3_concurrency_is_one_main_owned_p7_reserved_lease) ... ok
test_prior_acceptance_debt_contract_is_preserved_for_historical_p4 (test_v0_s1_networked_checkpoint_contract.V0ProductC
heckpointContractTests.test_prior_acceptance_debt_contract_is_preserved_for_historical_p4) ... ok
test_registry_generation_points_to_current_p7_control_frontier (test_v0_s1_networked_checkpoint_contract.V0ProductCheck
pointContractTests.test_registry_generation_points_to_current_p7_control_frontier) ... ok

----------------------------------------------------------------------
Ran 205 tests in 63.544s

OK (skipped=2)

