Distributed World Simulator - Project Control
Root: C:\distributed-world-simulator\worktrees\mvp6-journal-act0-control
Auditor: C:\distributed-world-simulator\worktrees\mvp6-journal-act0-control\scripts\control\project_control.py
Directional watch: C:\distributed-world-simulator\worktrees\mvp6-journal-act0-control\scripts\control\project_control_directional_watch.py

Distributed World Simulator — Project Control
Architecture: GLOBAL-P0-2026-08-12-R3-REFRESH-R1
Control:      PC0-2026-08-10-R1
Registry:     82
Overall:      YELLOW
  HARNESS    GREEN  BLOCK    H0.2 verification plus MVP-first project coordination [tracked/stable]
  G          RED    ADVISORY G8 Aggregate Full Acceptance [feature/g8-geomorphology]
  ECO        RED    ADVISORY ECO.CONV0-A Global Alignment / World Integration Consumer Requirements [feature/eco-evolutionary-ecology]
  T          YELLOW BLOCK    T1B Aggregate Handoff Complete [feature/t1b-composition-failure-recovery]
  TS         GREEN  BLOCK    C22 Main Integration Complete [tracked/stable]
  CH         YELLOW BLOCK    CH9.6 Playable Network Equipment Lab [feature/ch9-6-playable-network-equipment-lab]
  DOCTRINE   YELLOW BLOCK    Active doctrine consolidation [feature/world-building-doctrine]
  NX         YELLOW BLOCK    H0.2 / NX.C1 Source Implemented — Runtime Verification Pending [feature/h0-2-nx-c1-owner-authority-r3]
  V0         YELLOW BLOCK    MVP ACT0 / bounded composition dispatch [feature/v0-mvp-playable-seamless-planet-r1]
  MATTER     GREEN  BLOCK    MW10 accepted stable baseline [tracked/stable]
  S1         GREEN  BLOCK    Stable proposal-only compute foundation [tracked/stable]

Report: C:\distributed-world-simulator\worktrees\mvp6-journal-act0-control\artifacts\control\PROJECT_STATUS_RU.md
JSON:   C:\distributed-world-simulator\worktrees\mvp6-journal-act0-control\artifacts\control\project-control-report.json

PC0 Directional Watch
Registry: 82
Overall:  RED
  YELLOW CH -> NX WATCH_HIT BLOCK: 4 path(s)
  YELLOW NX -> ECO WATCH_HIT ADVISORY: 1 path(s)
  YELLOW NX -> T WATCH_HIT BLOCK: 1 path(s)
  YELLOW V0 -> ECO WATCH_HIT ADVISORY: 1 path(s)
  YELLOW V0 -> T WATCH_HIT BLOCK: 1 path(s)
  RED    V0 -> NX CRITICAL_WATCH_HIT BLOCK: 1 path(s)
  YELLOW V0 -> NX WATCH_HIT BLOCK: 1 path(s)
Report: C:\distributed-world-simulator\worktrees\mvp6-journal-act0-control\artifacts\control\DIRECTIONAL_WATCH_STATUS_RU.md
Combined health: base=YELLOW directional=RED
PROJECT CONTROL: RED - next declared major stage is blocked.
